Archive member included because of file (symbol)

C:\Users\11840954\Desktop\Lab5\OSExample\Library\libOS.a(OS.o)
                              ./Sources/main.o (OS_Init)
c:/freescale/kds_3.0.0/toolchain/bin/../lib/gcc/arm-none-eabi/4.8.4/../../../../arm-none-eabi/lib/armv7e-m/fpu\libg_s.a(lib_a-exit.o)
                              c:/freescale/kds_3.0.0/toolchain/bin/../lib/gcc/arm-none-eabi/4.8.4/../../../../arm-none-eabi/lib/armv7e-m/fpu/crt0.o (exit)
c:/freescale/kds_3.0.0/toolchain/bin/../lib/gcc/arm-none-eabi/4.8.4/../../../../arm-none-eabi/lib/armv7e-m/fpu\libg_s.a(lib_a-impure.o)
                              c:/freescale/kds_3.0.0/toolchain/bin/../lib/gcc/arm-none-eabi/4.8.4/../../../../arm-none-eabi/lib/armv7e-m/fpu\libg_s.a(lib_a-exit.o) (_global_impure_ptr)
c:/freescale/kds_3.0.0/toolchain/bin/../lib/gcc/arm-none-eabi/4.8.4/../../../../arm-none-eabi/lib/armv7e-m/fpu\libg_s.a(lib_a-init.o)
                              c:/freescale/kds_3.0.0/toolchain/bin/../lib/gcc/arm-none-eabi/4.8.4/../../../../arm-none-eabi/lib/armv7e-m/fpu/crt0.o (__libc_init_array)
c:/freescale/kds_3.0.0/toolchain/bin/../lib/gcc/arm-none-eabi/4.8.4/../../../../arm-none-eabi/lib/armv7e-m/fpu\libg_s.a(lib_a-memcpy-stub.o)
                              ./Sources/I2C.o (memcpy)
c:/freescale/kds_3.0.0/toolchain/bin/../lib/gcc/arm-none-eabi/4.8.4/../../../../arm-none-eabi/lib/armv7e-m/fpu\libg_s.a(lib_a-memset.o)
                              c:/freescale/kds_3.0.0/toolchain/bin/../lib/gcc/arm-none-eabi/4.8.4/../../../../arm-none-eabi/lib/armv7e-m/fpu/crt0.o (memset)
c:/freescale/kds_3.0.0/toolchain/bin/../lib/gcc/arm-none-eabi/4.8.4/../../../../arm-none-eabi/lib/armv7e-m/fpu\libnosys.a(_exit.o)
                              c:/freescale/kds_3.0.0/toolchain/bin/../lib/gcc/arm-none-eabi/4.8.4/../../../../arm-none-eabi/lib/armv7e-m/fpu\libg_s.a(lib_a-exit.o) (_exit)

Allocating common symbols
Common symbol       size              file

Update_Clock_Semaphore
                    0x4               ./Sources/main.o
Packet              0x5               ./Sources/main.o
TxFIFO              0x110             ./Sources/main.o
Data_Ready_Semaphore
                    0x4               ./Sources/main.o
RxFIFO              0x110             ./Sources/main.o
NvTowerMode         0x4               ./Sources/main.o
SR_reg              0x1               ./Generated_Code/Cpu.o
I2CWriteCompleteSemaphore
                    0x4               ./Sources/I2C.o
Protocol_Mode       0x1               ./Sources/main.o
NvTowerNumber       0x4               ./Sources/main.o
Fccob               0xc               ./Sources/Flash.o
PIT_Semaphore       0x4               ./Sources/main.o
Read_Complete_Semaphore
                    0x4               ./Sources/main.o

Discarded input sections

 .text          0x00000000        0x0 c:/freescale/kds_3.0.0/toolchain/bin/../lib/gcc/arm-none-eabi/4.8.4/armv7e-m/fpu/crti.o
 .data          0x00000000        0x0 c:/freescale/kds_3.0.0/toolchain/bin/../lib/gcc/arm-none-eabi/4.8.4/armv7e-m/fpu/crti.o
 .bss           0x00000000        0x0 c:/freescale/kds_3.0.0/toolchain/bin/../lib/gcc/arm-none-eabi/4.8.4/armv7e-m/fpu/crti.o
 .data          0x00000000        0x4 c:/freescale/kds_3.0.0/toolchain/bin/../lib/gcc/arm-none-eabi/4.8.4/armv7e-m/fpu/crtbegin.o
 .data          0x00000000        0x0 c:/freescale/kds_3.0.0/toolchain/bin/../lib/gcc/arm-none-eabi/4.8.4/../../../../arm-none-eabi/lib/armv7e-m/fpu/crt0.o
 .bss           0x00000000        0x0 c:/freescale/kds_3.0.0/toolchain/bin/../lib/gcc/arm-none-eabi/4.8.4/../../../../arm-none-eabi/lib/armv7e-m/fpu/crt0.o
 .ARM.extab     0x00000000        0x0 c:/freescale/kds_3.0.0/toolchain/bin/../lib/gcc/arm-none-eabi/4.8.4/../../../../arm-none-eabi/lib/armv7e-m/fpu/crt0.o
 .group         0x00000000        0x8 ./Sources/FIFO.o
 .group         0x00000000        0x8 ./Sources/FIFO.o
 .group         0x00000000        0x8 ./Sources/FIFO.o
 .group         0x00000000        0x8 ./Sources/FIFO.o
 .group         0x00000000        0x8 ./Sources/FIFO.o
 .group         0x00000000        0x8 ./Sources/FIFO.o
 .text          0x00000000        0x0 ./Sources/FIFO.o
 .data          0x00000000        0x0 ./Sources/FIFO.o
 .bss           0x00000000        0x0 ./Sources/FIFO.o
 .group         0x00000000        0x8 ./Sources/FTM.o
 .group         0x00000000        0x8 ./Sources/FTM.o
 .group         0x00000000        0x8 ./Sources/FTM.o
 .group         0x00000000        0x8 ./Sources/FTM.o
 .group         0x00000000        0x8 ./Sources/FTM.o
 .group         0x00000000        0x8 ./Sources/FTM.o
 .group         0x00000000        0x8 ./Sources/FTM.o
 .text          0x00000000        0x0 ./Sources/FTM.o
 .data          0x00000000        0x0 ./Sources/FTM.o
 .bss           0x00000000        0x0 ./Sources/FTM.o
 .debug_macro   0x00000000      0x850 ./Sources/FTM.o
 .debug_macro   0x00000000       0x16 ./Sources/FTM.o
 .debug_macro   0x00000000       0x44 ./Sources/FTM.o
 .debug_macro   0x00000000      0x209 ./Sources/FTM.o
 .debug_macro   0x00000000       0x22 ./Sources/FTM.o
 .debug_macro   0x00000000       0x2a ./Sources/FTM.o
 .group         0x00000000        0x8 ./Sources/Flash.o
 .group         0x00000000        0x8 ./Sources/Flash.o
 .group         0x00000000        0x8 ./Sources/Flash.o
 .group         0x00000000        0x8 ./Sources/Flash.o
 .group         0x00000000        0x8 ./Sources/Flash.o
 .group         0x00000000        0x8 ./Sources/Flash.o
 .group         0x00000000        0x8 ./Sources/Flash.o
 .text          0x00000000        0x0 ./Sources/Flash.o
 .data          0x00000000        0x0 ./Sources/Flash.o
 .bss           0x00000000        0x0 ./Sources/Flash.o
 .debug_macro   0x00000000      0x850 ./Sources/Flash.o
 .debug_macro   0x00000000       0x16 ./Sources/Flash.o
 .debug_macro   0x00000000       0x44 ./Sources/Flash.o
 .debug_macro   0x00000000      0x209 ./Sources/Flash.o
 .debug_macro   0x00000000    0x174c1 ./Sources/Flash.o
 .group         0x00000000        0x8 ./Sources/I2C.o
 .group         0x00000000        0x8 ./Sources/I2C.o
 .group         0x00000000        0x8 ./Sources/I2C.o
 .group         0x00000000        0x8 ./Sources/I2C.o
 .group         0x00000000        0x8 ./Sources/I2C.o
 .group         0x00000000        0x8 ./Sources/I2C.o
 .group         0x00000000        0x8 ./Sources/I2C.o
 .group         0x00000000        0x8 ./Sources/I2C.o
 .group         0x00000000        0x8 ./Sources/I2C.o
 .group         0x00000000        0x8 ./Sources/I2C.o
 .group         0x00000000        0x8 ./Sources/I2C.o
 .group         0x00000000        0x8 ./Sources/I2C.o
 .group         0x00000000        0x8 ./Sources/I2C.o
 .group         0x00000000        0x8 ./Sources/I2C.o
 .group         0x00000000        0x8 ./Sources/I2C.o
 .group         0x00000000        0x8 ./Sources/I2C.o
 .group         0x00000000        0x8 ./Sources/I2C.o
 .group         0x00000000        0x8 ./Sources/I2C.o
 .group         0x00000000        0x8 ./Sources/I2C.o
 .group         0x00000000        0x8 ./Sources/I2C.o
 .text          0x00000000        0x0 ./Sources/I2C.o
 .data          0x00000000        0x0 ./Sources/I2C.o
 .bss           0x00000000        0x0 ./Sources/I2C.o
 .debug_macro   0x00000000      0x850 ./Sources/I2C.o
 .debug_macro   0x00000000       0x16 ./Sources/I2C.o
 .debug_macro   0x00000000       0x44 ./Sources/I2C.o
 .debug_macro   0x00000000      0x209 ./Sources/I2C.o
 .debug_macro   0x00000000    0x174c1 ./Sources/I2C.o
 .debug_macro   0x00000000       0x22 ./Sources/I2C.o
 .debug_macro   0x00000000       0x2a ./Sources/I2C.o
 .group         0x00000000        0x8 ./Sources/LEDs.o
 .group         0x00000000        0x8 ./Sources/LEDs.o
 .group         0x00000000        0x8 ./Sources/LEDs.o
 .group         0x00000000        0x8 ./Sources/LEDs.o
 .group         0x00000000        0x8 ./Sources/LEDs.o
 .text          0x00000000        0x0 ./Sources/LEDs.o
 .data          0x00000000        0x0 ./Sources/LEDs.o
 .bss           0x00000000        0x0 ./Sources/LEDs.o
 .debug_macro   0x00000000      0x850 ./Sources/LEDs.o
 .debug_macro   0x00000000       0x16 ./Sources/LEDs.o
 .debug_macro   0x00000000       0x44 ./Sources/LEDs.o
 .debug_macro   0x00000000      0x209 ./Sources/LEDs.o
 .debug_macro   0x00000000    0x174c1 ./Sources/LEDs.o
 .group         0x00000000        0x8 ./Sources/PIT.o
 .group         0x00000000        0x8 ./Sources/PIT.o
 .group         0x00000000        0x8 ./Sources/PIT.o
 .group         0x00000000        0x8 ./Sources/PIT.o
 .group         0x00000000        0x8 ./Sources/PIT.o
 .group         0x00000000        0x8 ./Sources/PIT.o
 .group         0x00000000        0x8 ./Sources/PIT.o
 .text          0x00000000        0x0 ./Sources/PIT.o
 .data          0x00000000        0x0 ./Sources/PIT.o
 .bss           0x00000000        0x0 ./Sources/PIT.o
 .debug_macro   0x00000000      0x850 ./Sources/PIT.o
 .debug_macro   0x00000000       0x16 ./Sources/PIT.o
 .debug_macro   0x00000000       0x44 ./Sources/PIT.o
 .debug_macro   0x00000000      0x209 ./Sources/PIT.o
 .debug_macro   0x00000000       0x22 ./Sources/PIT.o
 .debug_macro   0x00000000       0x2a ./Sources/PIT.o
 .debug_macro   0x00000000    0x174c1 ./Sources/PIT.o
 .group         0x00000000        0x8 ./Sources/RTC.o
 .group         0x00000000        0x8 ./Sources/RTC.o
 .group         0x00000000        0x8 ./Sources/RTC.o
 .group         0x00000000        0x8 ./Sources/RTC.o
 .group         0x00000000        0x8 ./Sources/RTC.o
 .group         0x00000000        0x8 ./Sources/RTC.o
 .group         0x00000000        0x8 ./Sources/RTC.o
 .group         0x00000000        0x8 ./Sources/RTC.o
 .text          0x00000000        0x0 ./Sources/RTC.o
 .data          0x00000000        0x0 ./Sources/RTC.o
 .bss           0x00000000        0x0 ./Sources/RTC.o
 .debug_macro   0x00000000      0x850 ./Sources/RTC.o
 .debug_macro   0x00000000       0x16 ./Sources/RTC.o
 .debug_macro   0x00000000       0x44 ./Sources/RTC.o
 .debug_macro   0x00000000      0x209 ./Sources/RTC.o
 .debug_macro   0x00000000       0x22 ./Sources/RTC.o
 .debug_macro   0x00000000       0x2a ./Sources/RTC.o
 .debug_macro   0x00000000    0x174c1 ./Sources/RTC.o
 .group         0x00000000        0x8 ./Sources/UART.o
 .group         0x00000000        0x8 ./Sources/UART.o
 .group         0x00000000        0x8 ./Sources/UART.o
 .group         0x00000000        0x8 ./Sources/UART.o
 .group         0x00000000        0x8 ./Sources/UART.o
 .group         0x00000000        0x8 ./Sources/UART.o
 .group         0x00000000        0x8 ./Sources/UART.o
 .group         0x00000000        0x8 ./Sources/UART.o
 .group         0x00000000        0x8 ./Sources/UART.o
 .text          0x00000000        0x0 ./Sources/UART.o
 .data          0x00000000        0x0 ./Sources/UART.o
 .bss           0x00000000        0x0 ./Sources/UART.o
 .debug_macro   0x00000000      0x850 ./Sources/UART.o
 .debug_macro   0x00000000       0x16 ./Sources/UART.o
 .debug_macro   0x00000000       0x44 ./Sources/UART.o
 .debug_macro   0x00000000      0x209 ./Sources/UART.o
 .debug_macro   0x00000000       0x22 ./Sources/UART.o
 .debug_macro   0x00000000       0x2a ./Sources/UART.o
 .debug_macro   0x00000000     0x1800 ./Sources/UART.o
 .debug_macro   0x00000000    0x174c1 ./Sources/UART.o
 .group         0x00000000        0x8 ./Sources/accel.o
 .group         0x00000000        0x8 ./Sources/accel.o
 .group         0x00000000        0x8 ./Sources/accel.o
 .group         0x00000000        0x8 ./Sources/accel.o
 .group         0x00000000        0x8 ./Sources/accel.o
 .group         0x00000000        0x8 ./Sources/accel.o
 .group         0x00000000        0x8 ./Sources/accel.o
 .group         0x00000000        0x8 ./Sources/accel.o
 .group         0x00000000        0x8 ./Sources/accel.o
 .text          0x00000000        0x0 ./Sources/accel.o
 .data          0x00000000        0x0 ./Sources/accel.o
 .bss           0x00000000        0x0 ./Sources/accel.o
 .bss.INT_SOURCE_Union
                0x00000000        0x4 ./Sources/accel.o
 .bss.CTRL_REG3_Union
                0x00000000        0x4 ./Sources/accel.o
 .bss.CTRL_REG5_Union
                0x00000000        0x4 ./Sources/accel.o
 .debug_macro   0x00000000      0x850 ./Sources/accel.o
 .debug_macro   0x00000000       0x16 ./Sources/accel.o
 .debug_macro   0x00000000       0x44 ./Sources/accel.o
 .debug_macro   0x00000000      0x209 ./Sources/accel.o
 .debug_macro   0x00000000       0x22 ./Sources/accel.o
 .debug_macro   0x00000000       0x2a ./Sources/accel.o
 .debug_macro   0x00000000    0x174c1 ./Sources/accel.o
 .debug_macro   0x00000000     0x1800 ./Sources/accel.o
 .group         0x00000000        0x8 ./Sources/main.o
 .group         0x00000000        0x8 ./Sources/main.o
 .group         0x00000000        0x8 ./Sources/main.o
 .group         0x00000000        0x8 ./Sources/main.o
 .group         0x00000000        0x8 ./Sources/main.o
 .group         0x00000000        0x8 ./Sources/main.o
 .group         0x00000000        0x8 ./Sources/main.o
 .group         0x00000000        0x8 ./Sources/main.o
 .group         0x00000000        0x8 ./Sources/main.o
 .group         0x00000000        0x8 ./Sources/main.o
 .group         0x00000000        0x8 ./Sources/main.o
 .group         0x00000000        0x8 ./Sources/main.o
 .text          0x00000000        0x0 ./Sources/main.o
 .data          0x00000000        0x0 ./Sources/main.o
 .bss           0x00000000        0x0 ./Sources/main.o
 .debug_macro   0x00000000      0x850 ./Sources/main.o
 .debug_macro   0x00000000       0x16 ./Sources/main.o
 .debug_macro   0x00000000       0x44 ./Sources/main.o
 .debug_macro   0x00000000      0x209 ./Sources/main.o
 .debug_macro   0x00000000     0x17fa ./Sources/main.o
 .debug_macro   0x00000000    0x174c1 ./Sources/main.o
 .debug_macro   0x00000000       0x94 ./Sources/main.o
 .debug_macro   0x00000000       0x22 ./Sources/main.o
 .debug_macro   0x00000000       0x2a ./Sources/main.o
 .debug_macro   0x00000000       0x3a ./Sources/main.o
 .debug_macro   0x00000000       0x10 ./Sources/main.o
 .debug_macro   0x00000000       0x2e ./Sources/main.o
 .group         0x00000000        0x8 ./Sources/median.o
 .group         0x00000000        0x8 ./Sources/median.o
 .group         0x00000000        0x8 ./Sources/median.o
 .group         0x00000000        0x8 ./Sources/median.o
 .text          0x00000000        0x0 ./Sources/median.o
 .data          0x00000000        0x0 ./Sources/median.o
 .bss           0x00000000        0x0 ./Sources/median.o
 .debug_macro   0x00000000      0x850 ./Sources/median.o
 .debug_macro   0x00000000       0x16 ./Sources/median.o
 .debug_macro   0x00000000       0x44 ./Sources/median.o
 .debug_macro   0x00000000      0x209 ./Sources/median.o
 .group         0x00000000        0x8 ./Sources/packet.o
 .group         0x00000000        0x8 ./Sources/packet.o
 .group         0x00000000        0x8 ./Sources/packet.o
 .group         0x00000000        0x8 ./Sources/packet.o
 .group         0x00000000        0x8 ./Sources/packet.o
 .group         0x00000000        0x8 ./Sources/packet.o
 .group         0x00000000        0x8 ./Sources/packet.o
 .group         0x00000000        0x8 ./Sources/packet.o
 .group         0x00000000        0x8 ./Sources/packet.o
 .group         0x00000000        0x8 ./Sources/packet.o
 .text          0x00000000        0x0 ./Sources/packet.o
 .data          0x00000000        0x0 ./Sources/packet.o
 .bss           0x00000000        0x0 ./Sources/packet.o
 .debug_macro   0x00000000      0x850 ./Sources/packet.o
 .debug_macro   0x00000000       0x16 ./Sources/packet.o
 .debug_macro   0x00000000       0x44 ./Sources/packet.o
 .debug_macro   0x00000000      0x209 ./Sources/packet.o
 .debug_macro   0x00000000       0x22 ./Sources/packet.o
 .debug_macro   0x00000000       0x2a ./Sources/packet.o
 .debug_macro   0x00000000     0x1800 ./Sources/packet.o
 .debug_macro   0x00000000    0x174c1 ./Sources/packet.o
 .debug_macro   0x00000000       0x94 ./Sources/packet.o
 .group         0x00000000        0x8 ./Project_Settings/Startup_Code/startup.o
 .group         0x00000000        0x8 ./Project_Settings/Startup_Code/startup.o
 .group         0x00000000        0x8 ./Project_Settings/Startup_Code/startup.o
 .group         0x00000000        0x8 ./Project_Settings/Startup_Code/startup.o
 .group         0x00000000        0x8 ./Project_Settings/Startup_Code/startup.o
 .group         0x00000000        0x8 ./Project_Settings/Startup_Code/startup.o
 .group         0x00000000        0x8 ./Project_Settings/Startup_Code/startup.o
 .group         0x00000000        0x8 ./Project_Settings/Startup_Code/startup.o
 .group         0x00000000        0x8 ./Project_Settings/Startup_Code/startup.o
 .group         0x00000000        0x8 ./Project_Settings/Startup_Code/startup.o
 .group         0x00000000        0x8 ./Project_Settings/Startup_Code/startup.o
 .group         0x00000000        0x8 ./Project_Settings/Startup_Code/startup.o
 .group         0x00000000        0x8 ./Project_Settings/Startup_Code/startup.o
 .group         0x00000000        0x8 ./Project_Settings/Startup_Code/startup.o
 .group         0x00000000        0x8 ./Project_Settings/Startup_Code/startup.o
 .group         0x00000000        0x8 ./Project_Settings/Startup_Code/startup.o
 .group         0x00000000        0x8 ./Project_Settings/Startup_Code/startup.o
 .group         0x00000000        0x8 ./Project_Settings/Startup_Code/startup.o
 .group         0x00000000        0x8 ./Project_Settings/Startup_Code/startup.o
 .text          0x00000000        0x0 ./Project_Settings/Startup_Code/startup.o
 .data          0x00000000        0x0 ./Project_Settings/Startup_Code/startup.o
 .bss           0x00000000        0x0 ./Project_Settings/Startup_Code/startup.o
 .text.__init_hardware
                0x00000000        0xc ./Project_Settings/Startup_Code/startup.o
 .text.__iar_program_start
                0x00000000        0xc ./Project_Settings/Startup_Code/startup.o
 .debug_macro   0x00000000      0x850 ./Project_Settings/Startup_Code/startup.o
 .debug_macro   0x00000000       0x58 ./Project_Settings/Startup_Code/startup.o
 .debug_macro   0x00000000       0x16 ./Project_Settings/Startup_Code/startup.o
 .debug_macro   0x00000000       0x35 ./Project_Settings/Startup_Code/startup.o
 .debug_macro   0x00000000       0xa3 ./Project_Settings/Startup_Code/startup.o
 .debug_macro   0x00000000       0x52 ./Project_Settings/Startup_Code/startup.o
 .debug_macro   0x00000000       0x16 ./Project_Settings/Startup_Code/startup.o
 .debug_macro   0x00000000       0x43 ./Project_Settings/Startup_Code/startup.o
 .debug_macro   0x00000000      0x180 ./Project_Settings/Startup_Code/startup.o
 .debug_macro   0x00000000       0x16 ./Project_Settings/Startup_Code/startup.o
 .debug_macro   0x00000000       0x22 ./Project_Settings/Startup_Code/startup.o
 .group         0x00000000        0x8 ./Generated_Code/Cpu.o
 .group         0x00000000        0x8 ./Generated_Code/Cpu.o
 .group         0x00000000        0x8 ./Generated_Code/Cpu.o
 .group         0x00000000        0x8 ./Generated_Code/Cpu.o
 .group         0x00000000        0x8 ./Generated_Code/Cpu.o
 .group         0x00000000        0x8 ./Generated_Code/Cpu.o
 .group         0x00000000        0x8 ./Generated_Code/Cpu.o
 .text          0x00000000        0x0 ./Generated_Code/Cpu.o
 .data          0x00000000        0x0 ./Generated_Code/Cpu.o
 .bss           0x00000000        0x0 ./Generated_Code/Cpu.o
 .debug_macro   0x00000000      0x850 ./Generated_Code/Cpu.o
 .debug_macro   0x00000000       0x16 ./Generated_Code/Cpu.o
 .debug_macro   0x00000000       0x44 ./Generated_Code/Cpu.o
 .debug_macro   0x00000000      0x209 ./Generated_Code/Cpu.o
 .debug_macro   0x00000000     0x17fa ./Generated_Code/Cpu.o
 .debug_macro   0x00000000    0x174c1 ./Generated_Code/Cpu.o
 .group         0x00000000        0x8 ./Generated_Code/Vectors.o
 .group         0x00000000        0x8 ./Generated_Code/Vectors.o
 .group         0x00000000        0x8 ./Generated_Code/Vectors.o
 .group         0x00000000        0x8 ./Generated_Code/Vectors.o
 .group         0x00000000        0x8 ./Generated_Code/Vectors.o
 .group         0x00000000        0x8 ./Generated_Code/Vectors.o
 .group         0x00000000        0x8 ./Generated_Code/Vectors.o
 .group         0x00000000        0x8 ./Generated_Code/Vectors.o
 .group         0x00000000        0x8 ./Generated_Code/Vectors.o
 .text          0x00000000        0x0 ./Generated_Code/Vectors.o
 .data          0x00000000        0x0 ./Generated_Code/Vectors.o
 .bss           0x00000000        0x0 ./Generated_Code/Vectors.o
 .debug_macro   0x00000000      0x850 ./Generated_Code/Vectors.o
 .debug_macro   0x00000000       0x16 ./Generated_Code/Vectors.o
 .debug_macro   0x00000000       0x44 ./Generated_Code/Vectors.o
 .debug_macro   0x00000000      0x209 ./Generated_Code/Vectors.o
 .debug_macro   0x00000000     0x17fa ./Generated_Code/Vectors.o
 .debug_macro   0x00000000    0x174c1 ./Generated_Code/Vectors.o
 .debug_macro   0x00000000       0x94 ./Generated_Code/Vectors.o
 .debug_macro   0x00000000       0x22 ./Generated_Code/Vectors.o
 .debug_macro   0x00000000       0x2a ./Generated_Code/Vectors.o
 .group         0x00000000        0x8 C:\Users\11840954\Desktop\Lab5\OSExample\Library\libOS.a(OS.o)
 .group         0x00000000        0x8 C:\Users\11840954\Desktop\Lab5\OSExample\Library\libOS.a(OS.o)
 .group         0x00000000        0x8 C:\Users\11840954\Desktop\Lab5\OSExample\Library\libOS.a(OS.o)
 .group         0x00000000        0x8 C:\Users\11840954\Desktop\Lab5\OSExample\Library\libOS.a(OS.o)
 .group         0x00000000        0x8 C:\Users\11840954\Desktop\Lab5\OSExample\Library\libOS.a(OS.o)
 .group         0x00000000        0x8 C:\Users\11840954\Desktop\Lab5\OSExample\Library\libOS.a(OS.o)
 .group         0x00000000        0x8 C:\Users\11840954\Desktop\Lab5\OSExample\Library\libOS.a(OS.o)
 .group         0x00000000        0x8 C:\Users\11840954\Desktop\Lab5\OSExample\Library\libOS.a(OS.o)
 .group         0x00000000        0x8 C:\Users\11840954\Desktop\Lab5\OSExample\Library\libOS.a(OS.o)
 .group         0x00000000        0x8 C:\Users\11840954\Desktop\Lab5\OSExample\Library\libOS.a(OS.o)
 .group         0x00000000        0x8 C:\Users\11840954\Desktop\Lab5\OSExample\Library\libOS.a(OS.o)
 .text          0x00000000        0x0 C:\Users\11840954\Desktop\Lab5\OSExample\Library\libOS.a(OS.o)
 .data          0x00000000        0x0 C:\Users\11840954\Desktop\Lab5\OSExample\Library\libOS.a(OS.o)
 .bss           0x00000000        0x0 C:\Users\11840954\Desktop\Lab5\OSExample\Library\libOS.a(OS.o)
 .rodata.OS_TICK_FREQUENCY
                0x00000000        0x4 C:\Users\11840954\Desktop\Lab5\OSExample\Library\libOS.a(OS.o)
 .text.OS_TimeDelay
                0x00000000       0x48 C:\Users\11840954\Desktop\Lab5\OSExample\Library\libOS.a(OS.o)
 .text.OS_TimeGet
                0x00000000       0x24 C:\Users\11840954\Desktop\Lab5\OSExample\Library\libOS.a(OS.o)
 .text.OS_TimeSet
                0x00000000       0x20 C:\Users\11840954\Desktop\Lab5\OSExample\Library\libOS.a(OS.o)
 .debug_macro   0x00000000      0x850 C:\Users\11840954\Desktop\Lab5\OSExample\Library\libOS.a(OS.o)
 .debug_macro   0x00000000       0x16 C:\Users\11840954\Desktop\Lab5\OSExample\Library\libOS.a(OS.o)
 .debug_macro   0x00000000       0x44 C:\Users\11840954\Desktop\Lab5\OSExample\Library\libOS.a(OS.o)
 .debug_macro   0x00000000      0x209 C:\Users\11840954\Desktop\Lab5\OSExample\Library\libOS.a(OS.o)
 .debug_macro   0x00000000     0x17fa C:\Users\11840954\Desktop\Lab5\OSExample\Library\libOS.a(OS.o)
 .debug_macro   0x00000000    0x174c1 C:\Users\11840954\Desktop\Lab5\OSExample\Library\libOS.a(OS.o)
 .debug_macro   0x00000000       0x22 C:\Users\11840954\Desktop\Lab5\OSExample\Library\libOS.a(OS.o)
 .debug_macro   0x00000000       0x2a C:\Users\11840954\Desktop\Lab5\OSExample\Library\libOS.a(OS.o)
 .text          0x00000000        0x0 c:/freescale/kds_3.0.0/toolchain/bin/../lib/gcc/arm-none-eabi/4.8.4/../../../../arm-none-eabi/lib/armv7e-m/fpu\libg_s.a(lib_a-exit.o)
 .data          0x00000000        0x0 c:/freescale/kds_3.0.0/toolchain/bin/../lib/gcc/arm-none-eabi/4.8.4/../../../../arm-none-eabi/lib/armv7e-m/fpu\libg_s.a(lib_a-exit.o)
 .bss           0x00000000        0x0 c:/freescale/kds_3.0.0/toolchain/bin/../lib/gcc/arm-none-eabi/4.8.4/../../../../arm-none-eabi/lib/armv7e-m/fpu\libg_s.a(lib_a-exit.o)
 .text          0x00000000        0x0 c:/freescale/kds_3.0.0/toolchain/bin/../lib/gcc/arm-none-eabi/4.8.4/../../../../arm-none-eabi/lib/armv7e-m/fpu\libg_s.a(lib_a-impure.o)
 .data          0x00000000        0x0 c:/freescale/kds_3.0.0/toolchain/bin/../lib/gcc/arm-none-eabi/4.8.4/../../../../arm-none-eabi/lib/armv7e-m/fpu\libg_s.a(lib_a-impure.o)
 .bss           0x00000000        0x0 c:/freescale/kds_3.0.0/toolchain/bin/../lib/gcc/arm-none-eabi/4.8.4/../../../../arm-none-eabi/lib/armv7e-m/fpu\libg_s.a(lib_a-impure.o)
 .data._impure_ptr
                0x00000000        0x4 c:/freescale/kds_3.0.0/toolchain/bin/../lib/gcc/arm-none-eabi/4.8.4/../../../../arm-none-eabi/lib/armv7e-m/fpu\libg_s.a(lib_a-impure.o)
 .text          0x00000000        0x0 c:/freescale/kds_3.0.0/toolchain/bin/../lib/gcc/arm-none-eabi/4.8.4/../../../../arm-none-eabi/lib/armv7e-m/fpu\libg_s.a(lib_a-init.o)
 .data          0x00000000        0x0 c:/freescale/kds_3.0.0/toolchain/bin/../lib/gcc/arm-none-eabi/4.8.4/../../../../arm-none-eabi/lib/armv7e-m/fpu\libg_s.a(lib_a-init.o)
 .bss           0x00000000        0x0 c:/freescale/kds_3.0.0/toolchain/bin/../lib/gcc/arm-none-eabi/4.8.4/../../../../arm-none-eabi/lib/armv7e-m/fpu\libg_s.a(lib_a-init.o)
 .text          0x00000000        0x0 c:/freescale/kds_3.0.0/toolchain/bin/../lib/gcc/arm-none-eabi/4.8.4/../../../../arm-none-eabi/lib/armv7e-m/fpu\libg_s.a(lib_a-memcpy-stub.o)
 .data          0x00000000        0x0 c:/freescale/kds_3.0.0/toolchain/bin/../lib/gcc/arm-none-eabi/4.8.4/../../../../arm-none-eabi/lib/armv7e-m/fpu\libg_s.a(lib_a-memcpy-stub.o)
 .bss           0x00000000        0x0 c:/freescale/kds_3.0.0/toolchain/bin/../lib/gcc/arm-none-eabi/4.8.4/../../../../arm-none-eabi/lib/armv7e-m/fpu\libg_s.a(lib_a-memcpy-stub.o)
 .text          0x00000000        0x0 c:/freescale/kds_3.0.0/toolchain/bin/../lib/gcc/arm-none-eabi/4.8.4/../../../../arm-none-eabi/lib/armv7e-m/fpu\libg_s.a(lib_a-memset.o)
 .data          0x00000000        0x0 c:/freescale/kds_3.0.0/toolchain/bin/../lib/gcc/arm-none-eabi/4.8.4/../../../../arm-none-eabi/lib/armv7e-m/fpu\libg_s.a(lib_a-memset.o)
 .bss           0x00000000        0x0 c:/freescale/kds_3.0.0/toolchain/bin/../lib/gcc/arm-none-eabi/4.8.4/../../../../arm-none-eabi/lib/armv7e-m/fpu\libg_s.a(lib_a-memset.o)
 .text          0x00000000        0x0 c:/freescale/kds_3.0.0/toolchain/bin/../lib/gcc/arm-none-eabi/4.8.4/../../../../arm-none-eabi/lib/armv7e-m/fpu\libnosys.a(_exit.o)
 .data          0x00000000        0x0 c:/freescale/kds_3.0.0/toolchain/bin/../lib/gcc/arm-none-eabi/4.8.4/../../../../arm-none-eabi/lib/armv7e-m/fpu\libnosys.a(_exit.o)
 .bss           0x00000000        0x0 c:/freescale/kds_3.0.0/toolchain/bin/../lib/gcc/arm-none-eabi/4.8.4/../../../../arm-none-eabi/lib/armv7e-m/fpu\libnosys.a(_exit.o)
 .text          0x00000000        0x0 c:/freescale/kds_3.0.0/toolchain/bin/../lib/gcc/arm-none-eabi/4.8.4/armv7e-m/fpu/crtend.o
 .data          0x00000000        0x0 c:/freescale/kds_3.0.0/toolchain/bin/../lib/gcc/arm-none-eabi/4.8.4/armv7e-m/fpu/crtend.o
 .bss           0x00000000        0x0 c:/freescale/kds_3.0.0/toolchain/bin/../lib/gcc/arm-none-eabi/4.8.4/armv7e-m/fpu/crtend.o
 .eh_frame      0x00000000        0x4 c:/freescale/kds_3.0.0/toolchain/bin/../lib/gcc/arm-none-eabi/4.8.4/armv7e-m/fpu/crtend.o
 .jcr           0x00000000        0x4 c:/freescale/kds_3.0.0/toolchain/bin/../lib/gcc/arm-none-eabi/4.8.4/armv7e-m/fpu/crtend.o
 .ARM.attributes
                0x00000000       0x34 c:/freescale/kds_3.0.0/toolchain/bin/../lib/gcc/arm-none-eabi/4.8.4/armv7e-m/fpu/crtend.o
 .text          0x00000000        0x0 c:/freescale/kds_3.0.0/toolchain/bin/../lib/gcc/arm-none-eabi/4.8.4/armv7e-m/fpu/crtn.o
 .data          0x00000000        0x0 c:/freescale/kds_3.0.0/toolchain/bin/../lib/gcc/arm-none-eabi/4.8.4/armv7e-m/fpu/crtn.o
 .bss           0x00000000        0x0 c:/freescale/kds_3.0.0/toolchain/bin/../lib/gcc/arm-none-eabi/4.8.4/armv7e-m/fpu/crtn.o

Memory Configuration

Name             Origin             Length             Attributes
m_interrupts     0x00000000         0x000001e8         xr
m_text           0x00000410         0x0007fbf0         xr
m_data           0x1fff0000         0x00010000         rw
m_data_20000000  0x20000000         0x00010000         rw
m_cfmprotrom     0x00000400         0x00000010         xr
*default*        0x00000000         0xffffffff

Linker script and memory map

LOAD c:/freescale/kds_3.0.0/toolchain/bin/../lib/gcc/arm-none-eabi/4.8.4/armv7e-m/fpu/crti.o
LOAD c:/freescale/kds_3.0.0/toolchain/bin/../lib/gcc/arm-none-eabi/4.8.4/armv7e-m/fpu/crtbegin.o
LOAD c:/freescale/kds_3.0.0/toolchain/bin/../lib/gcc/arm-none-eabi/4.8.4/../../../../arm-none-eabi/lib/armv7e-m/fpu/crt0.o
LOAD ./Sources/FIFO.o
LOAD ./Sources/FTM.o
LOAD ./Sources/Flash.o
LOAD ./Sources/I2C.o
LOAD ./Sources/LEDs.o
LOAD ./Sources/PIT.o
LOAD ./Sources/RTC.o
LOAD ./Sources/UART.o
LOAD ./Sources/accel.o
LOAD ./Sources/main.o
LOAD ./Sources/median.o
LOAD ./Sources/packet.o
LOAD ./Project_Settings/Startup_Code/startup.o
LOAD ./Generated_Code/Cpu.o
LOAD ./Generated_Code/Vectors.o
LOAD C:\Users\11840954\Desktop\Lab5\OSExample\Library\libOS.a
LOAD c:/freescale/kds_3.0.0/toolchain/bin/../lib/gcc/arm-none-eabi/4.8.4/../../../../arm-none-eabi/lib/armv7e-m/fpu\libstdc++_s.a
LOAD c:/freescale/kds_3.0.0/toolchain/bin/../lib/gcc/arm-none-eabi/4.8.4/../../../../arm-none-eabi/lib/armv7e-m/fpu\libm.a
START GROUP
LOAD c:/freescale/kds_3.0.0/toolchain/bin/../lib/gcc/arm-none-eabi/4.8.4/armv7e-m/fpu\libgcc.a
LOAD c:/freescale/kds_3.0.0/toolchain/bin/../lib/gcc/arm-none-eabi/4.8.4/../../../../arm-none-eabi/lib/armv7e-m/fpu\libg_s.a
LOAD c:/freescale/kds_3.0.0/toolchain/bin/../lib/gcc/arm-none-eabi/4.8.4/../../../../arm-none-eabi/lib/armv7e-m/fpu\libc_s.a
END GROUP
START GROUP
LOAD c:/freescale/kds_3.0.0/toolchain/bin/../lib/gcc/arm-none-eabi/4.8.4/armv7e-m/fpu\libgcc.a
LOAD c:/freescale/kds_3.0.0/toolchain/bin/../lib/gcc/arm-none-eabi/4.8.4/../../../../arm-none-eabi/lib/armv7e-m/fpu\libc_s.a
LOAD c:/freescale/kds_3.0.0/toolchain/bin/../lib/gcc/arm-none-eabi/4.8.4/../../../../arm-none-eabi/lib/armv7e-m/fpu\libnosys.a
END GROUP
START GROUP
LOAD c:/freescale/kds_3.0.0/toolchain/bin/../lib/gcc/arm-none-eabi/4.8.4/armv7e-m/fpu\libgcc.a
LOAD c:/freescale/kds_3.0.0/toolchain/bin/../lib/gcc/arm-none-eabi/4.8.4/../../../../arm-none-eabi/lib/armv7e-m/fpu\libc_s.a
LOAD c:/freescale/kds_3.0.0/toolchain/bin/../lib/gcc/arm-none-eabi/4.8.4/../../../../arm-none-eabi/lib/armv7e-m/fpu\libnosys.a
END GROUP
LOAD c:/freescale/kds_3.0.0/toolchain/bin/../lib/gcc/arm-none-eabi/4.8.4/armv7e-m/fpu/crtend.o
LOAD c:/freescale/kds_3.0.0/toolchain/bin/../lib/gcc/arm-none-eabi/4.8.4/armv7e-m/fpu/crtn.o
                0x20000000                _estack = 0x20000000
                0x20000000                __SP_INIT = _estack
                0x20000000                __stack = _estack
                0x00000000                __heap_size = 0x0
                0x00000400                __stack_size = 0x400

.interrupts     0x00000000      0x1e8
                0x00000000                __vector_table = .
                0x00000000                . = ALIGN (0x4)
 *(.vectortable)
 .vectortable   0x00000000      0x1e8 ./Generated_Code/Vectors.o
                0x00000000                __vect_table
                0x000001e8                . = ALIGN (0x4)

.cfmprotect     0x00000400       0x10
                0x00000400                . = ALIGN (0x4)
 *(.cfmconfig)
 .cfmconfig     0x00000400       0x10 ./Generated_Code/Cpu.o
                0x00000400                _cfm
                0x00000410                . = ALIGN (0x4)

.text           0x00000410     0x2ffc
                0x00000410                . = ALIGN (0x4)
 *(.text)
 .text          0x00000410       0x54 c:/freescale/kds_3.0.0/toolchain/bin/../lib/gcc/arm-none-eabi/4.8.4/armv7e-m/fpu/crtbegin.o
 .text          0x00000464       0x74 c:/freescale/kds_3.0.0/toolchain/bin/../lib/gcc/arm-none-eabi/4.8.4/../../../../arm-none-eabi/lib/armv7e-m/fpu/crt0.o
                0x00000464                _start
                0x00000464                _mainCRTStartup
 *(.text*)
 .text.FIFO_Init
                0x000004d8       0x3c ./Sources/FIFO.o
                0x000004d8                FIFO_Init
 .text.FIFO_Put
                0x00000514       0x74 ./Sources/FIFO.o
                0x00000514                FIFO_Put
 .text.FIFO_Get
                0x00000588       0x74 ./Sources/FIFO.o
                0x00000588                FIFO_Get
 .text.FTM_Init
                0x000005fc       0x74 ./Sources/FTM.o
                0x000005fc                FTM_Init
 .text.FTM_Set  0x00000670      0x184 ./Sources/FTM.o
                0x00000670                FTM_Set
 .text.FTM_StartTimer
                0x000007f4       0x8c ./Sources/FTM.o
                0x000007f4                FTM_StartTimer
 .text.FTM0_ISR
                0x00000880       0x34 ./Sources/FTM.o
                0x00000880                FTM0_ISR
 .text.Flash_Init
                0x000008b4       0x34 ./Sources/Flash.o
                0x000008b4                Flash_Init
 .text.Flash_AllocateVar
                0x000008e8       0x94 ./Sources/Flash.o
                0x000008e8                Flash_AllocateVar
 .text.AllocateVar
                0x0000097c       0xb8 ./Sources/Flash.o
 .text.WritePhrase
                0x00000a34       0xdc ./Sources/Flash.o
 .text.Flash_Write32
                0x00000b10       0x58 ./Sources/Flash.o
                0x00000b10                Flash_Write32
 .text.Flash_Write16
                0x00000b68       0x60 ./Sources/Flash.o
                0x00000b68                Flash_Write16
 .text.Flash_Write8
                0x00000bc8       0x60 ./Sources/Flash.o
                0x00000bc8                Flash_Write8
 .text.Flash_Erase
                0x00000c28       0x14 ./Sources/Flash.o
                0x00000c28                Flash_Erase
 .text.EraseSector
                0x00000c3c       0x40 ./Sources/Flash.o
 .text.LaunchCommand
                0x00000c7c       0xa0 ./Sources/Flash.o
 .text.I2C_Init
                0x00000d1c      0x190 ./Sources/I2C.o
                0x00000d1c                I2C_Init
 .text.I2C_SelectSlaveDevice
                0x00000eac       0x20 ./Sources/I2C.o
                0x00000eac                I2C_SelectSlaveDevice
 .text.Start    0x00000ecc       0x30 ./Sources/I2C.o
 .text.Wait     0x00000efc       0x30 ./Sources/I2C.o
 .text.Stop     0x00000f2c       0x20 ./Sources/I2C.o
 .text.I2C_Write
                0x00000f4c       0x74 ./Sources/I2C.o
                0x00000f4c                I2C_Write
 .text.I2C_PollRead
                0x00000fc0      0x10c ./Sources/I2C.o
                0x00000fc0                I2C_PollRead
 .text.I2C_IntRead
                0x000010cc       0xa8 ./Sources/I2C.o
                0x000010cc                I2C_IntRead
 .text.I2C_ISR  0x00001174      0x1d0 ./Sources/I2C.o
                0x00001174                I2C_ISR
 .text.LEDs_Init
                0x00001344       0x64 ./Sources/LEDs.o
                0x00001344                LEDs_Init
 .text.LEDs_On  0x000013a8       0x24 ./Sources/LEDs.o
                0x000013a8                LEDs_On
 .text.LEDs_Off
                0x000013cc       0x24 ./Sources/LEDs.o
                0x000013cc                LEDs_Off
 .text.LEDs_Toggle
                0x000013f0       0x24 ./Sources/LEDs.o
                0x000013f0                LEDs_Toggle
 .text.PIT_Init
                0x00001414       0x90 ./Sources/PIT.o
                0x00001414                PIT_Init
 .text.PIT_Set  0x000014a4       0x5c ./Sources/PIT.o
                0x000014a4                PIT_Set
 .text.PIT_Enable
                0x00001500       0x40 ./Sources/PIT.o
                0x00001500                PIT_Enable
 .text.PIT_ISR  0x00001540       0x2c ./Sources/PIT.o
                0x00001540                PIT_ISR
 .text.RTC_Init
                0x0000156c       0x8c ./Sources/RTC.o
                0x0000156c                RTC_Init
 .text.RTC_Set  0x000015f8       0x58 ./Sources/RTC.o
                0x000015f8                RTC_Set
 .text.RTC_Get  0x00001650       0x94 ./Sources/RTC.o
                0x00001650                RTC_Get
 .text.RTC_ISR  0x000016e4       0x2c ./Sources/RTC.o
                0x000016e4                RTC_ISR
 .text.UART_Init
                0x00001710      0x170 ./Sources/UART.o
                0x00001710                UART_Init
 .text.UART_InChar
                0x00001880       0x20 ./Sources/UART.o
                0x00001880                UART_InChar
 .text.UART_OutChar
                0x000018a0       0x34 ./Sources/UART.o
                0x000018a0                UART_OutChar
 .text.ReceiveThread
                0x000018d4       0x40 ./Sources/UART.o
 .text.TransmitThread
                0x00001914       0x50 ./Sources/UART.o
 .text.UART_ISR
                0x00001964       0x7c ./Sources/UART.o
                0x00001964                UART_ISR
 .text.Accel_Init
                0x000019e0       0x88 ./Sources/accel.o
                0x000019e0                Accel_Init
 .text.Accel_ReadXYZ
                0x00001a68       0x98 ./Sources/accel.o
                0x00001a68                Accel_ReadXYZ
 .text.PushArray
                0x00001b00       0x60 ./Sources/accel.o
 .text.Accel_SetMode
                0x00001b60       0xe0 ./Sources/accel.o
                0x00001b60                Accel_SetMode
 .text.AccelDataReady_ISR
                0x00001c40       0x48 ./Sources/accel.o
                0x00001c40                AccelDataReady_ISR
 .text.InitThread
                0x00001c88       0xf0 ./Sources/main.o
 .text.InitialPackets
                0x00001d78       0x6c ./Sources/main.o
 .text.PacketCheckerThread
                0x00001de4       0x1c ./Sources/main.o
 .text.PacketHandler
                0x00001e00      0x2c4 ./Sources/main.o
 .text.I2CReadCompleteThread
                0x000020c4       0x30 ./Sources/main.o
 .text.AccelReadyThread
                0x000020f4       0x2c ./Sources/main.o
 .text.PITThread
                0x00002120       0xb4 ./Sources/main.o
 .text.RTCThread
                0x000021d4       0x44 ./Sources/main.o
 .text.FTM0Callback
                0x00002218       0x40 ./Sources/main.o
                0x00002218                FTM0Callback
 .text.main     0x00002258       0xb4 ./Sources/main.o
                0x00002258                main
 .text.Median_Filter3
                0x0000230c       0x6c ./Sources/median.o
                0x0000230c                Median_Filter3
 .text.Packet_Init
                0x00002378       0x1c ./Sources/packet.o
                0x00002378                Packet_Init
 .text.Packet_Get
                0x00002394      0x118 ./Sources/packet.o
                0x00002394                Packet_Get
 .text.Packet_Put
                0x000024ac       0x98 ./Sources/packet.o
                0x000024ac                Packet_Put
 .text.__copy_rom_section
                0x00002544       0xe4 ./Project_Settings/Startup_Code/startup.o
                0x00002544                __copy_rom_section
 .text.__copy_rom_sections_to_ram
                0x00002628       0x9c ./Project_Settings/Startup_Code/startup.o
                0x00002628                __copy_rom_sections_to_ram
 .text.__init_registers
                0x000026c4       0x20 ./Project_Settings/Startup_Code/startup.o
                0x000026c4                __init_registers
 .text.__init_user
                0x000026e4        0xc ./Project_Settings/Startup_Code/startup.o
                0x000026e4                __init_user
 .text.__thumb_startup
                0x000026f0       0x34 ./Project_Settings/Startup_Code/startup.o
                0x000026f0                __thumb_startup
 .text.Cpu_Interrupt
                0x00002724       0x18 ./Generated_Code/Cpu.o
                0x00002724                Cpu_Interrupt
 .text.__init_hardware
                0x0000273c      0x17c ./Generated_Code/Cpu.o
                0x0000273c                __init_hardware
 .text.Cpu_SetBASEPRI
                0x000028b8       0x18 ./Generated_Code/Cpu.o
                0x000028b8                Cpu_SetBASEPRI
 .text.PE_low_level_init
                0x000028d0       0xe4 ./Generated_Code/Cpu.o
                0x000028d0                PE_low_level_init
 .text.OS_Init  0x000029b4      0x108 C:\Users\11840954\Desktop\Lab5\OSExample\Library\libOS.a(OS.o)
                0x000029b4                OS_Init
 .text.OS_ISREnter
                0x00002abc       0x20 C:\Users\11840954\Desktop\Lab5\OSExample\Library\libOS.a(OS.o)
                0x00002abc                OS_ISREnter
 .text.OS_ISRExit
                0x00002adc       0x1c C:\Users\11840954\Desktop\Lab5\OSExample\Library\libOS.a(OS.o)
                0x00002adc                OS_ISRExit
 .text.OS_SemaphoreCreate
                0x00002af8       0x90 C:\Users\11840954\Desktop\Lab5\OSExample\Library\libOS.a(OS.o)
                0x00002af8                OS_SemaphoreCreate
 .text.OS_SemaphoreSignal
                0x00002b88       0x44 C:\Users\11840954\Desktop\Lab5\OSExample\Library\libOS.a(OS.o)
                0x00002b88                OS_SemaphoreSignal
 .text.OS_SemaphoreWait
                0x00002bcc       0x58 C:\Users\11840954\Desktop\Lab5\OSExample\Library\libOS.a(OS.o)
                0x00002bcc                OS_SemaphoreWait
 .text.OS_Start
                0x00002c24       0x10 C:\Users\11840954\Desktop\Lab5\OSExample\Library\libOS.a(OS.o)
                0x00002c24                OS_Start
 .text.OS_ThreadCreate
                0x00002c34      0x160 C:\Users\11840954\Desktop\Lab5\OSExample\Library\libOS.a(OS.o)
                0x00002c34                OS_ThreadCreate
 .text.OS_ThreadDelete
                0x00002d94      0x180 C:\Users\11840954\Desktop\Lab5\OSExample\Library\libOS.a(OS.o)
                0x00002d94                OS_ThreadDelete
 .text.EventThreadReady
                0x00002f14       0x68 C:\Users\11840954\Desktop\Lab5\OSExample\Library\libOS.a(OS.o)
 .text.EventThreadWait
                0x00002f7c       0x64 C:\Users\11840954\Desktop\Lab5\OSExample\Library\libOS.a(OS.o)
 .text.EventTimeout
                0x00002fe0       0x40 C:\Users\11840954\Desktop\Lab5\OSExample\Library\libOS.a(OS.o)
 .text.Idle     0x00003020       0x1c C:\Users\11840954\Desktop\Lab5\OSExample\Library\libOS.a(OS.o)
 .text.FindFirstSet
                0x0000303c       0x44 C:\Users\11840954\Desktop\Lab5\OSExample\Library\libOS.a(OS.o)
 .text.Schedule
                0x00003080       0x64 C:\Users\11840954\Desktop\Lab5\OSExample\Library\libOS.a(OS.o)
 .text.TCBInit  0x000030e4       0xc0 C:\Users\11840954\Desktop\Lab5\OSExample\Library\libOS.a(OS.o)
 .text.TimeTick
                0x000031a4       0x74 C:\Users\11840954\Desktop\Lab5\OSExample\Library\libOS.a(OS.o)
 *fill*         0x00003218        0x8 
 .text.OS_ContextSwitchISR
                0x00003220       0x50 C:\Users\11840954\Desktop\Lab5\OSExample\Library\libOS.a(OS.o)
                0x00003220                OS_ContextSwitchISR
 .text.OS_SysTickISR
                0x00003270       0x5c C:\Users\11840954\Desktop\Lab5\OSExample\Library\libOS.a(OS.o)
                0x00003270                OS_SysTickISR
 .text.exit     0x000032cc       0x28 c:/freescale/kds_3.0.0/toolchain/bin/../lib/gcc/arm-none-eabi/4.8.4/../../../../arm-none-eabi/lib/armv7e-m/fpu\libg_s.a(lib_a-exit.o)
                0x000032cc                exit
 .text.__libc_init_array
                0x000032f4       0x4c c:/freescale/kds_3.0.0/toolchain/bin/../lib/gcc/arm-none-eabi/4.8.4/../../../../arm-none-eabi/lib/armv7e-m/fpu\libg_s.a(lib_a-init.o)
                0x000032f4                __libc_init_array
 .text.memcpy   0x00003340       0x12 c:/freescale/kds_3.0.0/toolchain/bin/../lib/gcc/arm-none-eabi/4.8.4/../../../../arm-none-eabi/lib/armv7e-m/fpu\libg_s.a(lib_a-memcpy-stub.o)
                0x00003340                memcpy
 .text.memset   0x00003352       0x10 c:/freescale/kds_3.0.0/toolchain/bin/../lib/gcc/arm-none-eabi/4.8.4/../../../../arm-none-eabi/lib/armv7e-m/fpu\libg_s.a(lib_a-memset.o)
                0x00003352                memset
 *fill*         0x00003362        0x2 
 .text._exit    0x00003364        0x4 c:/freescale/kds_3.0.0/toolchain/bin/../lib/gcc/arm-none-eabi/4.8.4/../../../../arm-none-eabi/lib/armv7e-m/fpu\libnosys.a(_exit.o)
                0x00003364                _exit
 *(.rodata)
 .rodata        0x00003368       0x84 ./Sources/I2C.o
 *(.rodata*)
 .rodata.str1.1
                0x000033ec        0x2 c:/freescale/kds_3.0.0/toolchain/bin/../lib/gcc/arm-none-eabi/4.8.4/../../../../arm-none-eabi/lib/armv7e-m/fpu\libg_s.a(lib_a-impure.o)
 *fill*         0x000033ee        0x2 
 .rodata._global_impure_ptr
                0x000033f0        0x4 c:/freescale/kds_3.0.0/toolchain/bin/../lib/gcc/arm-none-eabi/4.8.4/../../../../arm-none-eabi/lib/armv7e-m/fpu\libg_s.a(lib_a-impure.o)
                0x000033f0                _global_impure_ptr
 *(.glue_7)
 .glue_7        0x00000000        0x0 linker stubs
 *(.glue_7t)
 .glue_7t       0x00000000        0x0 linker stubs
 *(.eh_frame)
 .eh_frame      0x000033f4        0x0 c:/freescale/kds_3.0.0/toolchain/bin/../lib/gcc/arm-none-eabi/4.8.4/armv7e-m/fpu/crtbegin.o
 *(.init)
 .init          0x000033f4        0x4 c:/freescale/kds_3.0.0/toolchain/bin/../lib/gcc/arm-none-eabi/4.8.4/armv7e-m/fpu/crti.o
                0x000033f4                _init
 .init          0x000033f8        0x8 c:/freescale/kds_3.0.0/toolchain/bin/../lib/gcc/arm-none-eabi/4.8.4/armv7e-m/fpu/crtn.o
 *(.fini)
 .fini          0x00003400        0x4 c:/freescale/kds_3.0.0/toolchain/bin/../lib/gcc/arm-none-eabi/4.8.4/armv7e-m/fpu/crti.o
                0x00003400                _fini
 .fini          0x00003404        0x8 c:/freescale/kds_3.0.0/toolchain/bin/../lib/gcc/arm-none-eabi/4.8.4/armv7e-m/fpu/crtn.o
                0x0000340c                . = ALIGN (0x4)
                0x0000340c                _etext = .

.vfp11_veneer   0x0000340c        0x0
 .vfp11_veneer  0x00000000        0x0 linker stubs

.v4_bx          0x0000340c        0x0
 .v4_bx         0x00000000        0x0 linker stubs

.iplt           0x0000340c        0x0
 .iplt          0x00000000        0x0 c:/freescale/kds_3.0.0/toolchain/bin/../lib/gcc/arm-none-eabi/4.8.4/armv7e-m/fpu/crtbegin.o

.ARM.extab
 *(.ARM.extab* .gnu.linkonce.armextab.*)

.ARM            0x0000340c        0x8
                0x0000340c                __exidx_start = .
 *(.ARM.exidx*)
 .ARM.exidx     0x0000340c        0x8 c:/freescale/kds_3.0.0/toolchain/bin/../lib/gcc/arm-none-eabi/4.8.4/../../../../arm-none-eabi/lib/armv7e-m/fpu/crt0.o
                0x00003414                __exidx_end = .

.rel.dyn        0x00003414        0x0
 .rel.iplt      0x00000000        0x0 c:/freescale/kds_3.0.0/toolchain/bin/../lib/gcc/arm-none-eabi/4.8.4/armv7e-m/fpu/crtbegin.o

.ctors          0x00003414        0x0
                0x00003414                __CTOR_LIST__ = .
 *crtbegin.o(.ctors)
 *(EXCLUDE_FILE(*crtend.o) .ctors)
 *(SORT(.ctors.*))
 *(.ctors)
                0x00003414                __CTOR_END__ = .

.dtors          0x00003414        0x0
                0x00003414                __DTOR_LIST__ = .
 *crtbegin.o(.dtors)
 *(EXCLUDE_FILE(*crtend.o) .dtors)
 *(SORT(.dtors.*))
 *(.dtors)
                0x00003414                __DTOR_END__ = .

.preinit_array  0x00003414        0x0
                0x00003414                PROVIDE (__preinit_array_start, .)
 *(.preinit_array*)
                0x00003414                PROVIDE (__preinit_array_end, .)

.init_array     0x00003414        0x4
                0x00003414                PROVIDE (__init_array_start, .)
 *(SORT(.init_array.*))
 *(.init_array*)
 .init_array    0x00003414        0x4 c:/freescale/kds_3.0.0/toolchain/bin/../lib/gcc/arm-none-eabi/4.8.4/armv7e-m/fpu/crtbegin.o
                0x00003418                PROVIDE (__init_array_end, .)

.fini_array     0x00003418        0x4
                0x00003418                PROVIDE (__fini_array_start, .)
 *(SORT(.fini_array.*))
 *(.fini_array*)
 .fini_array    0x00003418        0x4 c:/freescale/kds_3.0.0/toolchain/bin/../lib/gcc/arm-none-eabi/4.8.4/armv7e-m/fpu/crtbegin.o
                0x0000341c                PROVIDE (__fini_array_end, .)
                0x0000341c                ___ROM_AT = .

.data           0x1fff0000       0x64 load address 0x0000341c
                0x1fff0000                . = ALIGN (0x4)
                0x1fff0000                _sdata = .
 *(.data)
 *(.data*)
 .data.TowerMode
                0x1fff0000        0x2 ./Sources/main.o
 .data.TowerNumber
                0x1fff0002        0x2 ./Sources/main.o
 .data.impure_data
                0x1fff0004       0x60 c:/freescale/kds_3.0.0/toolchain/bin/../lib/gcc/arm-none-eabi/4.8.4/../../../../arm-none-eabi/lib/armv7e-m/fpu\libg_s.a(lib_a-impure.o)
                0x1fff0064                . = ALIGN (0x4)
                0x1fff0064                _edata = .
                0x00000064                ___data_size = (_edata - _sdata)
                0x00003480                ___m_data_20000000_ROMStart = (___ROM_AT + SIZEOF (.data))

.jcr            0x1fff0064        0x0 load address 0x00003480
 .jcr           0x1fff0064        0x0 c:/freescale/kds_3.0.0/toolchain/bin/../lib/gcc/arm-none-eabi/4.8.4/armv7e-m/fpu/crtbegin.o

.igot.plt       0x1fff0064        0x0 load address 0x00003480
 .igot.plt      0x00000000        0x0 c:/freescale/kds_3.0.0/toolchain/bin/../lib/gcc/arm-none-eabi/4.8.4/armv7e-m/fpu/crtbegin.o

.m_data_20000000
                0x20000000        0x0 load address 0x00003480
                0x20000000                . = ALIGN (0x4)
                0x20000000                ___m_data_20000000_RAMStart = .
 *(.m_data_20000000)
                0x20000000                ___m_data_20000000_RAMEnd = .
                0x20000000                . = ALIGN (0x4)
                0x00000000                ___m_data_20000000_ROMSize = (___m_data_20000000_RAMEnd - ___m_data_20000000_RAMStart)
                0x20000000                . = ALIGN (0x4)

.bss            0x1fff0068     0x1814 load address 0x00003488
                0x1fff0068                __START_BSS = .
                0x1fff0068                PROVIDE (__bss_start__, __START_BSS)
 *(.bss)
 .bss           0x1fff0068       0x1c c:/freescale/kds_3.0.0/toolchain/bin/../lib/gcc/arm-none-eabi/4.8.4/armv7e-m/fpu/crtbegin.o
 *(.bss*)
 .bss.UserArgumentsGlobal
                0x1fff0084        0x4 ./Sources/FTM.o
 .bss.FTM0CallbackGlobal
                0x1fff0088        0x4 ./Sources/FTM.o
 .bss.Occupied  0x1fff008c        0x1 ./Sources/Flash.o
 .bss.SlaveAddress
                0x1fff008d        0x1 ./Sources/I2C.o
 *fill*         0x1fff008e        0x2 
 .bss.I2CReadSequence
                0x1fff0090        0x4 ./Sources/I2C.o
 .bss.SequencePosition
                0x1fff0094        0x1 ./Sources/I2C.o
 *fill*         0x1fff0095        0x3 
 .bss.DataPtr   0x1fff0098        0x4 ./Sources/I2C.o
 .bss.NumBytes  0x1fff009c        0x1 ./Sources/I2C.o
 .bss.DataCounter
                0x1fff009d        0x1 ./Sources/I2C.o
 *fill*         0x1fff009e        0x2 
 .bss.ModuleClkMHz
                0x1fff00a0        0x4 ./Sources/PIT.o
 *fill*         0x1fff00a4        0x4 
 .bss.TransmitThreadStack
                0x1fff00a8      0x190 ./Sources/UART.o
 .bss.ReceiveThreadStack
                0x1fff0238      0x190 ./Sources/UART.o
 .bss.TransmitSemaphore
                0x1fff03c8        0x4 ./Sources/UART.o
 .bss.ReceiveSemaphore
                0x1fff03cc        0x4 ./Sources/UART.o
 .bss.CTRL_REG1_Union
                0x1fff03d0        0x4 ./Sources/accel.o
 .bss.CTRL_REG4_Union
                0x1fff03d4        0x4 ./Sources/accel.o
 .bss.XYZArray  0x1fff03d8        0xc ./Sources/accel.o
 .bss.FTMTimer0
                0x1fff03e4       0x10 ./Sources/main.o
 .bss.accelerometerValues
                0x1fff03f4        0x4 ./Sources/main.o
 .bss.InitThreadStack
                0x1fff03f8      0x190 ./Sources/main.o
 .bss.PacketCheckerThreadStack
                0x1fff0588      0x190 ./Sources/main.o
 .bss.AccelReadyThreadStack
                0x1fff0718      0x190 ./Sources/main.o
 .bss.I2CReadCompleteThreadStack
                0x1fff08a8      0x190 ./Sources/main.o
 .bss.RTCThreadStack
                0x1fff0a38      0x190 ./Sources/main.o
 .bss.PITThreadStack
                0x1fff0bc8      0x190 ./Sources/main.o
 .bss.lastAccelerometerValues.6818
                0x1fff0d58        0x4 ./Sources/main.o
 .bss.state.6630
                0x1fff0d5c        0x1 ./Sources/packet.o
 .bss.SR_lock   0x1fff0d5d        0x1 ./Generated_Code/Cpu.o
                0x1fff0d5d                SR_lock
 *fill*         0x1fff0d5e        0x2 
 .bss.TCBUnusedMain
                0x1fff0d60       0x18 C:\Users\11840954\Desktop\Lab5\OSExample\Library\libOS.a(OS.o)
 .bss.TCBTable  0x1fff0d78      0x300 C:\Users\11840954\Desktop\Lab5\OSExample\Library\libOS.a(OS.o)
 .bss.pTCBFreeList
                0x1fff1078        0x4 C:\Users\11840954\Desktop\Lab5\OSExample\Library\libOS.a(OS.o)
 .bss.pTCBAllocatedList
                0x1fff107c        0x4 C:\Users\11840954\Desktop\Lab5\OSExample\Library\libOS.a(OS.o)
 .bss.pTCBPriorityTable
                0x1fff1080       0x80 C:\Users\11840954\Desktop\Lab5\OSExample\Library\libOS.a(OS.o)
 .bss.pTCBRunning
                0x1fff1100        0x4 C:\Users\11840954\Desktop\Lab5\OSExample\Library\libOS.a(OS.o)
 .bss.pTCBHighestReady
                0x1fff1104        0x4 C:\Users\11840954\Desktop\Lab5\OSExample\Library\libOS.a(OS.o)
 .bss.ReadyList
                0x1fff1108        0x4 C:\Users\11840954\Desktop\Lab5\OSExample\Library\libOS.a(OS.o)
 .bss.ECBTable  0x1fff110c      0x100 C:\Users\11840954\Desktop\Lab5\OSExample\Library\libOS.a(OS.o)
 .bss.NextECBFree
                0x1fff120c        0x1 C:\Users\11840954\Desktop\Lab5\OSExample\Library\libOS.a(OS.o)
 *fill*         0x1fff120d        0x3 
 .bss.IdleCounter
                0x1fff1210        0x4 C:\Users\11840954\Desktop\Lab5\OSExample\Library\libOS.a(OS.o)
 *fill*         0x1fff1214        0x4 
 .bss.IdleStack
                0x1fff1218      0x400 C:\Users\11840954\Desktop\Lab5\OSExample\Library\libOS.a(OS.o)
 .bss.Ticks     0x1fff1618        0x4 C:\Users\11840954\Desktop\Lab5\OSExample\Library\libOS.a(OS.o)
 .bss.ToggleCntr
                0x1fff161c        0x4 C:\Users\11840954\Desktop\Lab5\OSExample\Library\libOS.a(OS.o)
 .bss.ToggleLED
                0x1fff1620        0x1 C:\Users\11840954\Desktop\Lab5\OSExample\Library\libOS.a(OS.o)
 .bss.ISRNestLevel
                0x1fff1621        0x1 C:\Users\11840954\Desktop\Lab5\OSExample\Library\libOS.a(OS.o)
 *(COMMON)
 *fill*         0x1fff1622        0x2 
 COMMON         0x1fff1624        0xc ./Sources/Flash.o
                0x1fff1624                Fccob
 COMMON         0x1fff1630        0x4 ./Sources/I2C.o
                0x1fff1630                I2CWriteCompleteSemaphore
 COMMON         0x1fff1634      0x244 ./Sources/main.o
                0x1fff1634                Update_Clock_Semaphore
                0x1fff1638                Packet
                0x1fff1640                TxFIFO
                0x1fff1750                Data_Ready_Semaphore
                0x1fff1754                RxFIFO
                0x1fff1864                NvTowerMode
                0x1fff1868                Protocol_Mode
                0x1fff186c                NvTowerNumber
                0x1fff1870                PIT_Semaphore
                0x1fff1874                Read_Complete_Semaphore
 COMMON         0x1fff1878        0x1 ./Generated_Code/Cpu.o
                0x1fff1878                SR_reg
                0x1fff187c                . = ALIGN (0x4)
 *fill*         0x1fff1879        0x3 
                0x1fff187c                __END_BSS = .
                0x1fff187c                PROVIDE (__bss_end__, __END_BSS)
                0x00003480                _romp_at = ((___ROM_AT + SIZEOF (.data)) + SIZEOF (.m_data_20000000))

.romp           0x1fff187c       0x24 load address 0x00003480
                0x00003480                __S_romp = _romp_at
                0x1fff187c        0x4 LONG 0x341c ___ROM_AT
                0x1fff1880        0x4 LONG 0x1fff0000 _sdata
                0x1fff1884        0x4 LONG 0x64 ___data_size
                0x1fff1888        0x4 LONG 0x3480 ___m_data_20000000_ROMStart
                0x1fff188c        0x4 LONG 0x20000000 ___m_data_20000000_RAMStart
                0x1fff1890        0x4 LONG 0x0 ___m_data_20000000_ROMSize
                0x1fff1894        0x4 LONG 0x0
                0x1fff1898        0x4 LONG 0x0
                0x1fff189c        0x4 LONG 0x0

._user_heap_stack
                0x1fff18a0      0x400 load address 0x000034a4
                0x1fff18a0                . = ALIGN (0x4)
                0x1fff18a0                PROVIDE (end, .)
                0x1fff18a0                PROVIDE (_end, .)
                0x1fff18a0                __heap_addr = .
                0x1fff18a0                __HeapBase = .
                0x1fff18a0                . = (. + __heap_size)
                0x1fff18a0                __HeapLimit = .
                0x1fff1ca0                . = (. + __stack_size)
 *fill*         0x1fff18a0      0x400 
                0x1fff1ca0                . = ALIGN (0x4)

.ARM.attributes
                0x00000000       0x30
 *(.ARM.attributes)
 .ARM.attributes
                0x00000000       0x22 c:/freescale/kds_3.0.0/toolchain/bin/../lib/gcc/arm-none-eabi/4.8.4/armv7e-m/fpu/crti.o
 .ARM.attributes
                0x00000022       0x34 c:/freescale/kds_3.0.0/toolchain/bin/../lib/gcc/arm-none-eabi/4.8.4/armv7e-m/fpu/crtbegin.o
 .ARM.attributes
                0x00000056       0x20 c:/freescale/kds_3.0.0/toolchain/bin/../lib/gcc/arm-none-eabi/4.8.4/../../../../arm-none-eabi/lib/armv7e-m/fpu/crt0.o
 .ARM.attributes
                0x00000076       0x39 ./Sources/FIFO.o
 .ARM.attributes
                0x000000af       0x39 ./Sources/FTM.o
 .ARM.attributes
                0x000000e8       0x39 ./Sources/Flash.o
 .ARM.attributes
                0x00000121       0x39 ./Sources/I2C.o
 .ARM.attributes
                0x0000015a       0x39 ./Sources/LEDs.o
 .ARM.attributes
                0x00000193       0x39 ./Sources/PIT.o
 .ARM.attributes
                0x000001cc       0x39 ./Sources/RTC.o
 .ARM.attributes
                0x00000205       0x39 ./Sources/UART.o
 .ARM.attributes
                0x0000023e       0x39 ./Sources/accel.o
 .ARM.attributes
                0x00000277       0x39 ./Sources/main.o
 .ARM.attributes
                0x000002b0       0x39 ./Sources/median.o
 .ARM.attributes
                0x000002e9       0x39 ./Sources/packet.o
 .ARM.attributes
                0x00000322       0x39 ./Project_Settings/Startup_Code/startup.o
 .ARM.attributes
                0x0000035b       0x39 ./Generated_Code/Cpu.o
 .ARM.attributes
                0x00000394       0x39 ./Generated_Code/Vectors.o
 .ARM.attributes
                0x000003cd       0x39 C:\Users\11840954\Desktop\Lab5\OSExample\Library\libOS.a(OS.o)
 .ARM.attributes
                0x00000406       0x34 c:/freescale/kds_3.0.0/toolchain/bin/../lib/gcc/arm-none-eabi/4.8.4/../../../../arm-none-eabi/lib/armv7e-m/fpu\libg_s.a(lib_a-exit.o)
 .ARM.attributes
                0x0000043a       0x34 c:/freescale/kds_3.0.0/toolchain/bin/../lib/gcc/arm-none-eabi/4.8.4/../../../../arm-none-eabi/lib/armv7e-m/fpu\libg_s.a(lib_a-impure.o)
 .ARM.attributes
                0x0000046e       0x34 c:/freescale/kds_3.0.0/toolchain/bin/../lib/gcc/arm-none-eabi/4.8.4/../../../../arm-none-eabi/lib/armv7e-m/fpu\libg_s.a(lib_a-init.o)
 .ARM.attributes
                0x000004a2       0x34 c:/freescale/kds_3.0.0/toolchain/bin/../lib/gcc/arm-none-eabi/4.8.4/../../../../arm-none-eabi/lib/armv7e-m/fpu\libg_s.a(lib_a-memcpy-stub.o)
 .ARM.attributes
                0x000004d6       0x34 c:/freescale/kds_3.0.0/toolchain/bin/../lib/gcc/arm-none-eabi/4.8.4/../../../../arm-none-eabi/lib/armv7e-m/fpu\libg_s.a(lib_a-memset.o)
 .ARM.attributes
                0x0000050a       0x34 c:/freescale/kds_3.0.0/toolchain/bin/../lib/gcc/arm-none-eabi/4.8.4/../../../../arm-none-eabi/lib/armv7e-m/fpu\libnosys.a(_exit.o)
 .ARM.attributes
                0x0000053e       0x22 c:/freescale/kds_3.0.0/toolchain/bin/../lib/gcc/arm-none-eabi/4.8.4/armv7e-m/fpu/crtn.o
OUTPUT(OSExample.elf elf32-littlearm)

.debug_info     0x00000000     0x6833
 .debug_info    0x00000000      0x235 ./Sources/FIFO.o
 .debug_info    0x00000235      0x740 ./Sources/FTM.o
 .debug_info    0x00000975      0x68c ./Sources/Flash.o
 .debug_info    0x00001001      0x883 ./Sources/I2C.o
 .debug_info    0x00001884      0x4a9 ./Sources/LEDs.o
 .debug_info    0x00001d2d      0x583 ./Sources/PIT.o
 .debug_info    0x000022b0      0x5f8 ./Sources/RTC.o
 .debug_info    0x000028a8      0xa30 ./Sources/UART.o
 .debug_info    0x000032d8      0x9e8 ./Sources/accel.o
 .debug_info    0x00003cc0      0xa5e ./Sources/main.o
 .debug_info    0x0000471e       0xe1 ./Sources/median.o
 .debug_info    0x000047ff      0x2f7 ./Sources/packet.o
 .debug_info    0x00004af6      0x3b0 ./Project_Settings/Startup_Code/startup.o
 .debug_info    0x00004ea6      0xb89 ./Generated_Code/Cpu.o
 .debug_info    0x00005a2f      0x10f ./Generated_Code/Vectors.o
 .debug_info    0x00005b3e      0xcf5 C:\Users\11840954\Desktop\Lab5\OSExample\Library\libOS.a(OS.o)

.debug_abbrev   0x00000000     0x192b
 .debug_abbrev  0x00000000      0x107 ./Sources/FIFO.o
 .debug_abbrev  0x00000107      0x1ad ./Sources/FTM.o
 .debug_abbrev  0x000002b4      0x1b0 ./Sources/Flash.o
 .debug_abbrev  0x00000464      0x1e1 ./Sources/I2C.o
 .debug_abbrev  0x00000645      0x144 ./Sources/LEDs.o
 .debug_abbrev  0x00000789      0x19c ./Sources/PIT.o
 .debug_abbrev  0x00000925      0x173 ./Sources/RTC.o
 .debug_abbrev  0x00000a98      0x1e6 ./Sources/UART.o
 .debug_abbrev  0x00000c7e      0x24a ./Sources/accel.o
 .debug_abbrev  0x00000ec8      0x244 ./Sources/main.o
 .debug_abbrev  0x0000110c       0x7b ./Sources/median.o
 .debug_abbrev  0x00001187       0xfa ./Sources/packet.o
 .debug_abbrev  0x00001281      0x189 ./Project_Settings/Startup_Code/startup.o
 .debug_abbrev  0x0000140a      0x185 ./Generated_Code/Cpu.o
 .debug_abbrev  0x0000158f       0xa4 ./Generated_Code/Vectors.o
 .debug_abbrev  0x00001633      0x2f8 C:\Users\11840954\Desktop\Lab5\OSExample\Library\libOS.a(OS.o)

.debug_aranges  0x00000000      0x480
 .debug_aranges
                0x00000000       0x30 ./Sources/FIFO.o
 .debug_aranges
                0x00000030       0x38 ./Sources/FTM.o
 .debug_aranges
                0x00000068       0x68 ./Sources/Flash.o
 .debug_aranges
                0x000000d0       0x60 ./Sources/I2C.o
 .debug_aranges
                0x00000130       0x38 ./Sources/LEDs.o
 .debug_aranges
                0x00000168       0x38 ./Sources/PIT.o
 .debug_aranges
                0x000001a0       0x38 ./Sources/RTC.o
 .debug_aranges
                0x000001d8       0x48 ./Sources/UART.o
 .debug_aranges
                0x00000220       0x40 ./Sources/accel.o
 .debug_aranges
                0x00000260       0x68 ./Sources/main.o
 .debug_aranges
                0x000002c8       0x20 ./Sources/median.o
 .debug_aranges
                0x000002e8       0x30 ./Sources/packet.o
 .debug_aranges
                0x00000318       0x50 ./Project_Settings/Startup_Code/startup.o
 .debug_aranges
                0x00000368       0x38 ./Generated_Code/Cpu.o
 .debug_aranges
                0x000003a0       0x18 ./Generated_Code/Vectors.o
 .debug_aranges
                0x000003b8       0xc8 C:\Users\11840954\Desktop\Lab5\OSExample\Library\libOS.a(OS.o)

.debug_ranges   0x00000000      0x378
 .debug_ranges  0x00000000       0x20 ./Sources/FIFO.o
 .debug_ranges  0x00000020       0x28 ./Sources/FTM.o
 .debug_ranges  0x00000048       0x58 ./Sources/Flash.o
 .debug_ranges  0x000000a0       0x50 ./Sources/I2C.o
 .debug_ranges  0x000000f0       0x28 ./Sources/LEDs.o
 .debug_ranges  0x00000118       0x28 ./Sources/PIT.o
 .debug_ranges  0x00000140       0x28 ./Sources/RTC.o
 .debug_ranges  0x00000168       0x38 ./Sources/UART.o
 .debug_ranges  0x000001a0       0x30 ./Sources/accel.o
 .debug_ranges  0x000001d0       0x58 ./Sources/main.o
 .debug_ranges  0x00000228       0x10 ./Sources/median.o
 .debug_ranges  0x00000238       0x20 ./Sources/packet.o
 .debug_ranges  0x00000258       0x40 ./Project_Settings/Startup_Code/startup.o
 .debug_ranges  0x00000298       0x28 ./Generated_Code/Cpu.o
 .debug_ranges  0x000002c0       0xb8 C:\Users\11840954\Desktop\Lab5\OSExample\Library\libOS.a(OS.o)

.debug_macro    0x00000000    0x340bf
 .debug_macro   0x00000000       0x74 ./Sources/FIFO.o
 .debug_macro   0x00000074      0x850 ./Sources/FIFO.o
 .debug_macro   0x000008c4       0x16 ./Sources/FIFO.o
 .debug_macro   0x000008da       0x44 ./Sources/FIFO.o
 .debug_macro   0x0000091e      0x209 ./Sources/FIFO.o
 .debug_macro   0x00000b27       0x22 ./Sources/FIFO.o
 .debug_macro   0x00000b49       0x2a ./Sources/FIFO.o
 .debug_macro   0x00000b73       0x81 ./Sources/FTM.o
 .debug_macro   0x00000bf4    0x174c1 ./Sources/FTM.o
 .debug_macro   0x000180b5       0x73 ./Sources/Flash.o
 .debug_macro   0x00018128       0x3a ./Sources/Flash.o
 .debug_macro   0x00018162       0x2e ./Sources/Flash.o
 .debug_macro   0x00018190      0x15a ./Sources/I2C.o
 .debug_macro   0x000182ea     0x17fa ./Sources/I2C.o
 .debug_macro   0x00019ae4       0x94 ./Sources/I2C.o
 .debug_macro   0x00019b78       0x58 ./Sources/I2C.o
 .debug_macro   0x00019bd0       0x35 ./Sources/I2C.o
 .debug_macro   0x00019c05       0xa3 ./Sources/I2C.o
 .debug_macro   0x00019ca8       0x16 ./Sources/I2C.o
 .debug_macro   0x00019cbe      0x10e ./Sources/I2C.o
 .debug_macro   0x00019dcc       0x7f ./Sources/I2C.o
 .debug_macro   0x00019e4b       0x52 ./Sources/I2C.o
 .debug_macro   0x00019e9d       0x16 ./Sources/I2C.o
 .debug_macro   0x00019eb3       0x43 ./Sources/I2C.o
 .debug_macro   0x00019ef6      0x180 ./Sources/I2C.o
 .debug_macro   0x0001a076       0x22 ./Sources/I2C.o
 .debug_macro   0x0001a098       0x5f ./Sources/LEDs.o
 .debug_macro   0x0001a0f7       0x81 ./Sources/PIT.o
 .debug_macro   0x0001a178       0x80 ./Sources/RTC.o
 .debug_macro   0x0001a1f8     0x1800 ./Sources/RTC.o
 .debug_macro   0x0001b9f8       0x85 ./Sources/UART.o
 .debug_macro   0x0001ba7d       0x10 ./Sources/UART.o
 .debug_macro   0x0001ba8d      0x1e2 ./Sources/accel.o
 .debug_macro   0x0001bc6f       0x94 ./Sources/accel.o
 .debug_macro   0x0001bd03      0x13c ./Sources/main.o
 .debug_macro   0x0001be3f       0x4c ./Sources/median.o
 .debug_macro   0x0001be8b       0xac ./Sources/packet.o
 .debug_macro   0x0001bf37       0x34 ./Sources/packet.o
 .debug_macro   0x0001bf6b      0x121 ./Project_Settings/Startup_Code/startup.o
 .debug_macro   0x0001c08c      0x166 ./Project_Settings/Startup_Code/startup.o
 .debug_macro   0x0001c1f2       0x4a ./Project_Settings/Startup_Code/startup.o
 .debug_macro   0x0001c23c      0x2a6 ./Project_Settings/Startup_Code/startup.o
 .debug_macro   0x0001c4e2       0x10 ./Project_Settings/Startup_Code/startup.o
 .debug_macro   0x0001c4f2       0x35 ./Project_Settings/Startup_Code/startup.o
 .debug_macro   0x0001c527       0x16 ./Project_Settings/Startup_Code/startup.o
 .debug_macro   0x0001c53d      0x20f ./Project_Settings/Startup_Code/startup.o
 .debug_macro   0x0001c74c    0x174af ./Project_Settings/Startup_Code/startup.o
 .debug_macro   0x00033bfb       0x70 ./Generated_Code/Cpu.o
 .debug_macro   0x00033c6b       0x9a ./Generated_Code/Cpu.o
 .debug_macro   0x00033d05       0xd1 ./Generated_Code/Vectors.o
 .debug_macro   0x00033dd6       0xa3 C:\Users\11840954\Desktop\Lab5\OSExample\Library\libOS.a(OS.o)
 .debug_macro   0x00033e79      0x14e C:\Users\11840954\Desktop\Lab5\OSExample\Library\libOS.a(OS.o)
 .debug_macro   0x00033fc7       0x64 C:\Users\11840954\Desktop\Lab5\OSExample\Library\libOS.a(OS.o)
 .debug_macro   0x0003402b       0x94 C:\Users\11840954\Desktop\Lab5\OSExample\Library\libOS.a(OS.o)

.debug_line     0x00000000     0x2edb
 .debug_line    0x00000000      0x203 ./Sources/FIFO.o
 .debug_line    0x00000203      0x2b8 ./Sources/FTM.o
 .debug_line    0x000004bb      0x2f0 ./Sources/Flash.o
 .debug_line    0x000007ab      0x43b ./Sources/I2C.o
 .debug_line    0x00000be6      0x20a ./Sources/LEDs.o
 .debug_line    0x00000df0      0x262 ./Sources/PIT.o
 .debug_line    0x00001052      0x2a3 ./Sources/RTC.o
 .debug_line    0x000012f5      0x2eb ./Sources/UART.o
 .debug_line    0x000015e0      0x316 ./Sources/accel.o
 .debug_line    0x000018f6      0x426 ./Sources/main.o
 .debug_line    0x00001d1c      0x18b ./Sources/median.o
 .debug_line    0x00001ea7      0x2da ./Sources/packet.o
 .debug_line    0x00002181      0x3d2 ./Project_Settings/Startup_Code/startup.o
 .debug_line    0x00002553      0x259 ./Generated_Code/Cpu.o
 .debug_line    0x000027ac      0x293 ./Generated_Code/Vectors.o
 .debug_line    0x00002a3f      0x49c C:\Users\11840954\Desktop\Lab5\OSExample\Library\libOS.a(OS.o)

.debug_str      0x00000000    0x8eeea
 .debug_str     0x00000000     0x2f79 ./Sources/FIFO.o
                               0x30ec (size before relaxing)
 .debug_str     0x00002f79    0x8017c ./Sources/FTM.o
                              0x831c3 (size before relaxing)
 .debug_str     0x000830f5      0x5d1 ./Sources/Flash.o
                              0x83302 (size before relaxing)
 .debug_str     0x000836c6     0x8b51 ./Sources/I2C.o
                              0x8bb40 (size before relaxing)
 .debug_str     0x0008c217       0xa6 ./Sources/LEDs.o
                              0x82eb1 (size before relaxing)
 .debug_str     0x0008c2bd       0x9e ./Sources/PIT.o
                              0x82fdd (size before relaxing)
 .debug_str     0x0008c35b       0x90 ./Sources/RTC.o
                              0x8a06a (size before relaxing)
 .debug_str     0x0008c3eb      0x248 ./Sources/UART.o
                              0x8a2df (size before relaxing)
 .debug_str     0x0008c633      0x9fe ./Sources/accel.o
                              0x8ae8e (size before relaxing)
 .debug_str     0x0008d031      0x2ae ./Sources/main.o
                              0x8ac2d (size before relaxing)
 .debug_str     0x0008d2df       0x2a ./Sources/median.o
                               0x2f3a (size before relaxing)
 .debug_str     0x0008d309       0x4b ./Sources/packet.o
                              0x8a482 (size before relaxing)
 .debug_str     0x0008d354     0x109a ./Project_Settings/Startup_Code/startup.o
                              0x853ef (size before relaxing)
 .debug_str     0x0008e3ee      0x1e3 ./Generated_Code/Cpu.o
                              0x8a461 (size before relaxing)
 .debug_str     0x0008e5d1       0x1c ./Generated_Code/Vectors.o
                              0x8a1ce (size before relaxing)
 .debug_str     0x0008e5ed      0x8fd C:\Users\11840954\Desktop\Lab5\OSExample\Library\libOS.a(OS.o)
                              0x8ace0 (size before relaxing)

.comment        0x00000000       0x70
 .comment       0x00000000       0x70 ./Sources/FIFO.o
                                 0x71 (size before relaxing)
 .comment       0x00000000       0x71 ./Sources/FTM.o
 .comment       0x00000000       0x71 ./Sources/Flash.o
 .comment       0x00000000       0x71 ./Sources/I2C.o
 .comment       0x00000000       0x71 ./Sources/LEDs.o
 .comment       0x00000000       0x71 ./Sources/PIT.o
 .comment       0x00000000       0x71 ./Sources/RTC.o
 .comment       0x00000000       0x71 ./Sources/UART.o
 .comment       0x00000000       0x71 ./Sources/accel.o
 .comment       0x00000000       0x71 ./Sources/main.o
 .comment       0x00000000       0x71 ./Sources/median.o
 .comment       0x00000000       0x71 ./Sources/packet.o
 .comment       0x00000000       0x71 ./Project_Settings/Startup_Code/startup.o
 .comment       0x00000000       0x71 ./Generated_Code/Cpu.o
 .comment       0x00000000       0x71 ./Generated_Code/Vectors.o
 .comment       0x00000000       0x71 C:\Users\11840954\Desktop\Lab5\OSExample\Library\libOS.a(OS.o)

.debug_frame    0x00000000      0xcf0
 .debug_frame   0x00000000       0x70 ./Sources/FIFO.o
 .debug_frame   0x00000070       0x84 ./Sources/FTM.o
 .debug_frame   0x000000f4      0x148 ./Sources/Flash.o
 .debug_frame   0x0000023c      0x118 ./Sources/I2C.o
 .debug_frame   0x00000354       0x7c ./Sources/LEDs.o
 .debug_frame   0x000003d0       0x90 ./Sources/PIT.o
 .debug_frame   0x00000460       0x88 ./Sources/RTC.o
 .debug_frame   0x000004e8       0xd4 ./Sources/UART.o
 .debug_frame   0x000005bc       0xb0 ./Sources/accel.o
 .debug_frame   0x0000066c      0x14c ./Sources/main.o
 .debug_frame   0x000007b8       0x2c ./Sources/median.o
 .debug_frame   0x000007e4       0x70 ./Sources/packet.o
 .debug_frame   0x00000854       0xc0 ./Project_Settings/Startup_Code/startup.o
 .debug_frame   0x00000914       0x80 ./Generated_Code/Cpu.o
 .debug_frame   0x00000994      0x2a0 C:\Users\11840954\Desktop\Lab5\OSExample\Library\libOS.a(OS.o)
 .debug_frame   0x00000c34       0x28 c:/freescale/kds_3.0.0/toolchain/bin/../lib/gcc/arm-none-eabi/4.8.4/../../../../arm-none-eabi/lib/armv7e-m/fpu\libg_s.a(lib_a-exit.o)
 .debug_frame   0x00000c5c       0x2c c:/freescale/kds_3.0.0/toolchain/bin/../lib/gcc/arm-none-eabi/4.8.4/../../../../arm-none-eabi/lib/armv7e-m/fpu\libg_s.a(lib_a-init.o)
 .debug_frame   0x00000c88       0x28 c:/freescale/kds_3.0.0/toolchain/bin/../lib/gcc/arm-none-eabi/4.8.4/../../../../arm-none-eabi/lib/armv7e-m/fpu\libg_s.a(lib_a-memcpy-stub.o)
 .debug_frame   0x00000cb0       0x20 c:/freescale/kds_3.0.0/toolchain/bin/../lib/gcc/arm-none-eabi/4.8.4/../../../../arm-none-eabi/lib/armv7e-m/fpu\libg_s.a(lib_a-memset.o)
 .debug_frame   0x00000cd0       0x20 c:/freescale/kds_3.0.0/toolchain/bin/../lib/gcc/arm-none-eabi/4.8.4/../../../../arm-none-eabi/lib/armv7e-m/fpu\libnosys.a(_exit.o)
