Archive member included because of file (symbol)

c:/freescale/kds_3.0.0/toolchain/bin/../lib/gcc/arm-none-eabi/4.8.4/../../../../arm-none-eabi/lib/armv7e-m/fpu\libg_s.a(lib_a-exit.o)
                              c:/freescale/kds_3.0.0/toolchain/bin/../lib/gcc/arm-none-eabi/4.8.4/../../../../arm-none-eabi/lib/armv7e-m/fpu/crt0.o (exit)
c:/freescale/kds_3.0.0/toolchain/bin/../lib/gcc/arm-none-eabi/4.8.4/../../../../arm-none-eabi/lib/armv7e-m/fpu\libg_s.a(lib_a-impure.o)
                              c:/freescale/kds_3.0.0/toolchain/bin/../lib/gcc/arm-none-eabi/4.8.4/../../../../arm-none-eabi/lib/armv7e-m/fpu\libg_s.a(lib_a-exit.o) (_global_impure_ptr)
c:/freescale/kds_3.0.0/toolchain/bin/../lib/gcc/arm-none-eabi/4.8.4/../../../../arm-none-eabi/lib/armv7e-m/fpu\libg_s.a(lib_a-init.o)
                              c:/freescale/kds_3.0.0/toolchain/bin/../lib/gcc/arm-none-eabi/4.8.4/../../../../arm-none-eabi/lib/armv7e-m/fpu/crt0.o (__libc_init_array)
c:/freescale/kds_3.0.0/toolchain/bin/../lib/gcc/arm-none-eabi/4.8.4/../../../../arm-none-eabi/lib/armv7e-m/fpu\libg_s.a(lib_a-memcpy-stub.o)
                              ./Sources/I2C.o (memcpy)
c:/freescale/kds_3.0.0/toolchain/bin/../lib/gcc/arm-none-eabi/4.8.4/../../../../arm-none-eabi/lib/armv7e-m/fpu\libg_s.a(lib_a-memset.o)
                              c:/freescale/kds_3.0.0/toolchain/bin/../lib/gcc/arm-none-eabi/4.8.4/../../../../arm-none-eabi/lib/armv7e-m/fpu/crt0.o (memset)
c:/freescale/kds_3.0.0/toolchain/bin/../lib/gcc/arm-none-eabi/4.8.4/../../../../arm-none-eabi/lib/armv7e-m/fpu\libnosys.a(_exit.o)
                              c:/freescale/kds_3.0.0/toolchain/bin/../lib/gcc/arm-none-eabi/4.8.4/../../../../arm-none-eabi/lib/armv7e-m/fpu\libg_s.a(lib_a-exit.o) (_exit)

Allocating common symbols
Common symbol       size              file

Packet              0x5               ./Sources/main.o
TxFIFO              0x106             ./Sources/main.o
RxFIFO              0x106             ./Sources/main.o
NvTowerMode         0x4               ./Sources/main.o
DataReadyUserArgumentsGlobal
                    0x4               ./Sources/accel.o
DataReadyCallbackGlobal
                    0x4               ./Sources/accel.o
SR_reg              0x1               ./Generated_Code/Cpu.o
NvTowerNumber       0x4               ./Sources/main.o
Fccob               0xc               ./Sources/Flash.o

Discarded input sections

 .text          0x00000000        0x0 c:/freescale/kds_3.0.0/toolchain/bin/../lib/gcc/arm-none-eabi/4.8.4/armv7e-m/fpu/crti.o
 .data          0x00000000        0x0 c:/freescale/kds_3.0.0/toolchain/bin/../lib/gcc/arm-none-eabi/4.8.4/armv7e-m/fpu/crti.o
 .bss           0x00000000        0x0 c:/freescale/kds_3.0.0/toolchain/bin/../lib/gcc/arm-none-eabi/4.8.4/armv7e-m/fpu/crti.o
 .data          0x00000000        0x4 c:/freescale/kds_3.0.0/toolchain/bin/../lib/gcc/arm-none-eabi/4.8.4/armv7e-m/fpu/crtbegin.o
 .data          0x00000000        0x0 c:/freescale/kds_3.0.0/toolchain/bin/../lib/gcc/arm-none-eabi/4.8.4/../../../../arm-none-eabi/lib/armv7e-m/fpu/crt0.o
 .bss           0x00000000        0x0 c:/freescale/kds_3.0.0/toolchain/bin/../lib/gcc/arm-none-eabi/4.8.4/../../../../arm-none-eabi/lib/armv7e-m/fpu/crt0.o
 .ARM.extab     0x00000000        0x0 c:/freescale/kds_3.0.0/toolchain/bin/../lib/gcc/arm-none-eabi/4.8.4/../../../../arm-none-eabi/lib/armv7e-m/fpu/crt0.o
 .group         0x00000000        0x8 ./Sources/FIFO.o
 .group         0x00000000        0x8 ./Sources/FIFO.o
 .group         0x00000000        0x8 ./Sources/FIFO.o
 .group         0x00000000        0x8 ./Sources/FIFO.o
 .group         0x00000000        0x8 ./Sources/FIFO.o
 .group         0x00000000        0x8 ./Sources/FIFO.o
 .group         0x00000000        0x8 ./Sources/FIFO.o
 .group         0x00000000        0x8 ./Sources/FIFO.o
 .group         0x00000000        0x8 ./Sources/FIFO.o
 .text          0x00000000        0x0 ./Sources/FIFO.o
 .data          0x00000000        0x0 ./Sources/FIFO.o
 .bss           0x00000000        0x0 ./Sources/FIFO.o
 .group         0x00000000        0x8 ./Sources/FTM.o
 .group         0x00000000        0x8 ./Sources/FTM.o
 .group         0x00000000        0x8 ./Sources/FTM.o
 .group         0x00000000        0x8 ./Sources/FTM.o
 .group         0x00000000        0x8 ./Sources/FTM.o
 .text          0x00000000        0x0 ./Sources/FTM.o
 .data          0x00000000        0x0 ./Sources/FTM.o
 .bss           0x00000000        0x0 ./Sources/FTM.o
 .debug_macro   0x00000000      0x850 ./Sources/FTM.o
 .debug_macro   0x00000000       0x16 ./Sources/FTM.o
 .debug_macro   0x00000000       0x44 ./Sources/FTM.o
 .debug_macro   0x00000000      0x209 ./Sources/FTM.o
 .debug_macro   0x00000000    0x174c1 ./Sources/FTM.o
 .group         0x00000000        0x8 ./Sources/Flash.o
 .group         0x00000000        0x8 ./Sources/Flash.o
 .group         0x00000000        0x8 ./Sources/Flash.o
 .group         0x00000000        0x8 ./Sources/Flash.o
 .group         0x00000000        0x8 ./Sources/Flash.o
 .group         0x00000000        0x8 ./Sources/Flash.o
 .group         0x00000000        0x8 ./Sources/Flash.o
 .text          0x00000000        0x0 ./Sources/Flash.o
 .data          0x00000000        0x0 ./Sources/Flash.o
 .bss           0x00000000        0x0 ./Sources/Flash.o
 .debug_macro   0x00000000      0x850 ./Sources/Flash.o
 .debug_macro   0x00000000       0x16 ./Sources/Flash.o
 .debug_macro   0x00000000       0x44 ./Sources/Flash.o
 .debug_macro   0x00000000      0x209 ./Sources/Flash.o
 .debug_macro   0x00000000    0x174c1 ./Sources/Flash.o
 .group         0x00000000        0x8 ./Sources/I2C.o
 .group         0x00000000        0x8 ./Sources/I2C.o
 .group         0x00000000        0x8 ./Sources/I2C.o
 .group         0x00000000        0x8 ./Sources/I2C.o
 .group         0x00000000        0x8 ./Sources/I2C.o
 .group         0x00000000        0x8 ./Sources/I2C.o
 .group         0x00000000        0x8 ./Sources/I2C.o
 .group         0x00000000        0x8 ./Sources/I2C.o
 .group         0x00000000        0x8 ./Sources/I2C.o
 .group         0x00000000        0x8 ./Sources/I2C.o
 .group         0x00000000        0x8 ./Sources/I2C.o
 .group         0x00000000        0x8 ./Sources/I2C.o
 .group         0x00000000        0x8 ./Sources/I2C.o
 .group         0x00000000        0x8 ./Sources/I2C.o
 .group         0x00000000        0x8 ./Sources/I2C.o
 .group         0x00000000        0x8 ./Sources/I2C.o
 .group         0x00000000        0x8 ./Sources/I2C.o
 .group         0x00000000        0x8 ./Sources/I2C.o
 .group         0x00000000        0x8 ./Sources/I2C.o
 .group         0x00000000        0x8 ./Sources/I2C.o
 .text          0x00000000        0x0 ./Sources/I2C.o
 .data          0x00000000        0x0 ./Sources/I2C.o
 .bss           0x00000000        0x0 ./Sources/I2C.o
 .debug_macro   0x00000000      0x850 ./Sources/I2C.o
 .debug_macro   0x00000000       0x16 ./Sources/I2C.o
 .debug_macro   0x00000000       0x44 ./Sources/I2C.o
 .debug_macro   0x00000000      0x209 ./Sources/I2C.o
 .debug_macro   0x00000000     0x17fa ./Sources/I2C.o
 .debug_macro   0x00000000      0x14e ./Sources/I2C.o
 .debug_macro   0x00000000       0x64 ./Sources/I2C.o
 .debug_macro   0x00000000    0x174c1 ./Sources/I2C.o
 .debug_macro   0x00000000       0x9a ./Sources/I2C.o
 .group         0x00000000        0x8 ./Sources/LEDs.o
 .group         0x00000000        0x8 ./Sources/LEDs.o
 .group         0x00000000        0x8 ./Sources/LEDs.o
 .group         0x00000000        0x8 ./Sources/LEDs.o
 .group         0x00000000        0x8 ./Sources/LEDs.o
 .text          0x00000000        0x0 ./Sources/LEDs.o
 .data          0x00000000        0x0 ./Sources/LEDs.o
 .bss           0x00000000        0x0 ./Sources/LEDs.o
 .debug_macro   0x00000000      0x850 ./Sources/LEDs.o
 .debug_macro   0x00000000       0x16 ./Sources/LEDs.o
 .debug_macro   0x00000000       0x44 ./Sources/LEDs.o
 .debug_macro   0x00000000      0x209 ./Sources/LEDs.o
 .debug_macro   0x00000000    0x174c1 ./Sources/LEDs.o
 .group         0x00000000        0x8 ./Sources/PIT.o
 .group         0x00000000        0x8 ./Sources/PIT.o
 .group         0x00000000        0x8 ./Sources/PIT.o
 .group         0x00000000        0x8 ./Sources/PIT.o
 .group         0x00000000        0x8 ./Sources/PIT.o
 .text          0x00000000        0x0 ./Sources/PIT.o
 .data          0x00000000        0x0 ./Sources/PIT.o
 .bss           0x00000000        0x0 ./Sources/PIT.o
 .debug_macro   0x00000000      0x850 ./Sources/PIT.o
 .debug_macro   0x00000000       0x16 ./Sources/PIT.o
 .debug_macro   0x00000000       0x44 ./Sources/PIT.o
 .debug_macro   0x00000000      0x209 ./Sources/PIT.o
 .debug_macro   0x00000000    0x174c1 ./Sources/PIT.o
 .group         0x00000000        0x8 ./Sources/RTC.o
 .group         0x00000000        0x8 ./Sources/RTC.o
 .group         0x00000000        0x8 ./Sources/RTC.o
 .group         0x00000000        0x8 ./Sources/RTC.o
 .group         0x00000000        0x8 ./Sources/RTC.o
 .text          0x00000000        0x0 ./Sources/RTC.o
 .data          0x00000000        0x0 ./Sources/RTC.o
 .bss           0x00000000        0x0 ./Sources/RTC.o
 .debug_macro   0x00000000      0x850 ./Sources/RTC.o
 .debug_macro   0x00000000       0x16 ./Sources/RTC.o
 .debug_macro   0x00000000       0x44 ./Sources/RTC.o
 .debug_macro   0x00000000      0x209 ./Sources/RTC.o
 .debug_macro   0x00000000    0x174c1 ./Sources/RTC.o
 .group         0x00000000        0x8 ./Sources/UART.o
 .group         0x00000000        0x8 ./Sources/UART.o
 .group         0x00000000        0x8 ./Sources/UART.o
 .group         0x00000000        0x8 ./Sources/UART.o
 .group         0x00000000        0x8 ./Sources/UART.o
 .group         0x00000000        0x8 ./Sources/UART.o
 .text          0x00000000        0x0 ./Sources/UART.o
 .data          0x00000000        0x0 ./Sources/UART.o
 .bss           0x00000000        0x0 ./Sources/UART.o
 .debug_macro   0x00000000      0x850 ./Sources/UART.o
 .debug_macro   0x00000000       0x16 ./Sources/UART.o
 .debug_macro   0x00000000       0x44 ./Sources/UART.o
 .debug_macro   0x00000000      0x209 ./Sources/UART.o
 .debug_macro   0x00000000    0x174c1 ./Sources/UART.o
 .group         0x00000000        0x8 ./Sources/accel.o
 .group         0x00000000        0x8 ./Sources/accel.o
 .group         0x00000000        0x8 ./Sources/accel.o
 .group         0x00000000        0x8 ./Sources/accel.o
 .group         0x00000000        0x8 ./Sources/accel.o
 .group         0x00000000        0x8 ./Sources/accel.o
 .group         0x00000000        0x8 ./Sources/accel.o
 .group         0x00000000        0x8 ./Sources/accel.o
 .group         0x00000000        0x8 ./Sources/accel.o
 .text          0x00000000        0x0 ./Sources/accel.o
 .data          0x00000000        0x0 ./Sources/accel.o
 .bss           0x00000000        0x0 ./Sources/accel.o
 .bss.INT_SOURCE_Union
                0x00000000        0x4 ./Sources/accel.o
 .bss.CTRL_REG3_Union
                0x00000000        0x4 ./Sources/accel.o
 .bss.CTRL_REG5_Union
                0x00000000        0x4 ./Sources/accel.o
 .debug_macro   0x00000000      0x850 ./Sources/accel.o
 .debug_macro   0x00000000       0x16 ./Sources/accel.o
 .debug_macro   0x00000000       0x44 ./Sources/accel.o
 .debug_macro   0x00000000      0x209 ./Sources/accel.o
 .debug_macro   0x00000000    0x174c1 ./Sources/accel.o
 .debug_macro   0x00000000      0x14e ./Sources/accel.o
 .debug_macro   0x00000000       0x64 ./Sources/accel.o
 .group         0x00000000        0x8 ./Sources/main.o
 .group         0x00000000        0x8 ./Sources/main.o
 .group         0x00000000        0x8 ./Sources/main.o
 .group         0x00000000        0x8 ./Sources/main.o
 .group         0x00000000        0x8 ./Sources/main.o
 .group         0x00000000        0x8 ./Sources/main.o
 .group         0x00000000        0x8 ./Sources/main.o
 .group         0x00000000        0x8 ./Sources/main.o
 .group         0x00000000        0x8 ./Sources/main.o
 .group         0x00000000        0x8 ./Sources/main.o
 .group         0x00000000        0x8 ./Sources/main.o
 .group         0x00000000        0x8 ./Sources/main.o
 .text          0x00000000        0x0 ./Sources/main.o
 .data          0x00000000        0x0 ./Sources/main.o
 .bss           0x00000000        0x0 ./Sources/main.o
 .debug_macro   0x00000000      0x850 ./Sources/main.o
 .debug_macro   0x00000000       0x16 ./Sources/main.o
 .debug_macro   0x00000000       0x44 ./Sources/main.o
 .debug_macro   0x00000000      0x209 ./Sources/main.o
 .debug_macro   0x00000000     0x17fa ./Sources/main.o
 .debug_macro   0x00000000      0x14e ./Sources/main.o
 .debug_macro   0x00000000       0x64 ./Sources/main.o
 .debug_macro   0x00000000    0x174c1 ./Sources/main.o
 .debug_macro   0x00000000       0x9a ./Sources/main.o
 .debug_macro   0x00000000       0x3a ./Sources/main.o
 .debug_macro   0x00000000       0x10 ./Sources/main.o
 .debug_macro   0x00000000       0x2e ./Sources/main.o
 .group         0x00000000        0x8 ./Sources/median.o
 .group         0x00000000        0x8 ./Sources/median.o
 .group         0x00000000        0x8 ./Sources/median.o
 .group         0x00000000        0x8 ./Sources/median.o
 .text          0x00000000        0x0 ./Sources/median.o
 .data          0x00000000        0x0 ./Sources/median.o
 .bss           0x00000000        0x0 ./Sources/median.o
 .debug_macro   0x00000000      0x850 ./Sources/median.o
 .debug_macro   0x00000000       0x16 ./Sources/median.o
 .debug_macro   0x00000000       0x44 ./Sources/median.o
 .debug_macro   0x00000000      0x209 ./Sources/median.o
 .group         0x00000000        0x8 ./Sources/packet.o
 .group         0x00000000        0x8 ./Sources/packet.o
 .group         0x00000000        0x8 ./Sources/packet.o
 .group         0x00000000        0x8 ./Sources/packet.o
 .group         0x00000000        0x8 ./Sources/packet.o
 .text          0x00000000        0x0 ./Sources/packet.o
 .data          0x00000000        0x0 ./Sources/packet.o
 .bss           0x00000000        0x0 ./Sources/packet.o
 .debug_macro   0x00000000      0x850 ./Sources/packet.o
 .debug_macro   0x00000000       0x16 ./Sources/packet.o
 .debug_macro   0x00000000       0x44 ./Sources/packet.o
 .debug_macro   0x00000000      0x209 ./Sources/packet.o
 .group         0x00000000        0x8 ./Project_Settings/Startup_Code/startup.o
 .group         0x00000000        0x8 ./Project_Settings/Startup_Code/startup.o
 .group         0x00000000        0x8 ./Project_Settings/Startup_Code/startup.o
 .group         0x00000000        0x8 ./Project_Settings/Startup_Code/startup.o
 .group         0x00000000        0x8 ./Project_Settings/Startup_Code/startup.o
 .group         0x00000000        0x8 ./Project_Settings/Startup_Code/startup.o
 .group         0x00000000        0x8 ./Project_Settings/Startup_Code/startup.o
 .group         0x00000000        0x8 ./Project_Settings/Startup_Code/startup.o
 .group         0x00000000        0x8 ./Project_Settings/Startup_Code/startup.o
 .group         0x00000000        0x8 ./Project_Settings/Startup_Code/startup.o
 .group         0x00000000        0x8 ./Project_Settings/Startup_Code/startup.o
 .group         0x00000000        0x8 ./Project_Settings/Startup_Code/startup.o
 .group         0x00000000        0x8 ./Project_Settings/Startup_Code/startup.o
 .group         0x00000000        0x8 ./Project_Settings/Startup_Code/startup.o
 .group         0x00000000        0x8 ./Project_Settings/Startup_Code/startup.o
 .group         0x00000000        0x8 ./Project_Settings/Startup_Code/startup.o
 .group         0x00000000        0x8 ./Project_Settings/Startup_Code/startup.o
 .group         0x00000000        0x8 ./Project_Settings/Startup_Code/startup.o
 .group         0x00000000        0x8 ./Project_Settings/Startup_Code/startup.o
 .text          0x00000000        0x0 ./Project_Settings/Startup_Code/startup.o
 .data          0x00000000        0x0 ./Project_Settings/Startup_Code/startup.o
 .bss           0x00000000        0x0 ./Project_Settings/Startup_Code/startup.o
 .text.__init_hardware
                0x00000000        0xc ./Project_Settings/Startup_Code/startup.o
 .text.__iar_program_start
                0x00000000        0xc ./Project_Settings/Startup_Code/startup.o
 .debug_macro   0x00000000      0x850 ./Project_Settings/Startup_Code/startup.o
 .debug_macro   0x00000000       0x58 ./Project_Settings/Startup_Code/startup.o
 .debug_macro   0x00000000       0x16 ./Project_Settings/Startup_Code/startup.o
 .debug_macro   0x00000000       0x35 ./Project_Settings/Startup_Code/startup.o
 .debug_macro   0x00000000       0xa3 ./Project_Settings/Startup_Code/startup.o
 .debug_macro   0x00000000       0x52 ./Project_Settings/Startup_Code/startup.o
 .debug_macro   0x00000000       0x16 ./Project_Settings/Startup_Code/startup.o
 .debug_macro   0x00000000       0x43 ./Project_Settings/Startup_Code/startup.o
 .debug_macro   0x00000000      0x180 ./Project_Settings/Startup_Code/startup.o
 .debug_macro   0x00000000       0x16 ./Project_Settings/Startup_Code/startup.o
 .debug_macro   0x00000000       0x22 ./Project_Settings/Startup_Code/startup.o
 .group         0x00000000        0x8 ./Generated_Code/Cpu.o
 .group         0x00000000        0x8 ./Generated_Code/Cpu.o
 .group         0x00000000        0x8 ./Generated_Code/Cpu.o
 .group         0x00000000        0x8 ./Generated_Code/Cpu.o
 .group         0x00000000        0x8 ./Generated_Code/Cpu.o
 .group         0x00000000        0x8 ./Generated_Code/Cpu.o
 .group         0x00000000        0x8 ./Generated_Code/Cpu.o
 .group         0x00000000        0x8 ./Generated_Code/Cpu.o
 .group         0x00000000        0x8 ./Generated_Code/Cpu.o
 .text          0x00000000        0x0 ./Generated_Code/Cpu.o
 .data          0x00000000        0x0 ./Generated_Code/Cpu.o
 .bss           0x00000000        0x0 ./Generated_Code/Cpu.o
 .debug_macro   0x00000000      0x850 ./Generated_Code/Cpu.o
 .debug_macro   0x00000000       0x16 ./Generated_Code/Cpu.o
 .debug_macro   0x00000000       0x44 ./Generated_Code/Cpu.o
 .debug_macro   0x00000000      0x209 ./Generated_Code/Cpu.o
 .debug_macro   0x00000000     0x17fa ./Generated_Code/Cpu.o
 .debug_macro   0x00000000      0x14e ./Generated_Code/Cpu.o
 .debug_macro   0x00000000       0x64 ./Generated_Code/Cpu.o
 .debug_macro   0x00000000    0x174c1 ./Generated_Code/Cpu.o
 .group         0x00000000        0x8 ./Generated_Code/PE_LDD.o
 .group         0x00000000        0x8 ./Generated_Code/PE_LDD.o
 .group         0x00000000        0x8 ./Generated_Code/PE_LDD.o
 .group         0x00000000        0x8 ./Generated_Code/PE_LDD.o
 .group         0x00000000        0x8 ./Generated_Code/PE_LDD.o
 .group         0x00000000        0x8 ./Generated_Code/PE_LDD.o
 .group         0x00000000        0x8 ./Generated_Code/PE_LDD.o
 .group         0x00000000        0x8 ./Generated_Code/PE_LDD.o
 .group         0x00000000        0x8 ./Generated_Code/PE_LDD.o
 .text          0x00000000        0x0 ./Generated_Code/PE_LDD.o
 .data          0x00000000        0x0 ./Generated_Code/PE_LDD.o
 .bss           0x00000000        0x0 ./Generated_Code/PE_LDD.o
 .rodata.PE_CpuClockConfigurations
                0x00000000       0x28 ./Generated_Code/PE_LDD.o
 .text.PE_FillMemory
                0x00000000       0x24 ./Generated_Code/PE_LDD.o
 .text.PE_PeripheralUsed
                0x00000000       0x18 ./Generated_Code/PE_LDD.o
 .text.LDD_SetClockConfiguration
                0x00000000       0x14 ./Generated_Code/PE_LDD.o
 .debug_info    0x00000000      0x215 ./Generated_Code/PE_LDD.o
 .debug_abbrev  0x00000000       0xf3 ./Generated_Code/PE_LDD.o
 .debug_aranges
                0x00000000       0x30 ./Generated_Code/PE_LDD.o
 .debug_ranges  0x00000000       0x20 ./Generated_Code/PE_LDD.o
 .debug_macro   0x00000000       0x8f ./Generated_Code/PE_LDD.o
 .debug_macro   0x00000000      0x850 ./Generated_Code/PE_LDD.o
 .debug_macro   0x00000000       0x16 ./Generated_Code/PE_LDD.o
 .debug_macro   0x00000000       0x44 ./Generated_Code/PE_LDD.o
 .debug_macro   0x00000000      0x209 ./Generated_Code/PE_LDD.o
 .debug_macro   0x00000000     0x17fa ./Generated_Code/PE_LDD.o
 .debug_macro   0x00000000      0x14e ./Generated_Code/PE_LDD.o
 .debug_macro   0x00000000       0x64 ./Generated_Code/PE_LDD.o
 .debug_macro   0x00000000    0x174c1 ./Generated_Code/PE_LDD.o
 .debug_macro   0x00000000       0x9a ./Generated_Code/PE_LDD.o
 .debug_line    0x00000000      0x232 ./Generated_Code/PE_LDD.o
 .debug_str     0x00000000    0x8a782 ./Generated_Code/PE_LDD.o
 .comment       0x00000000       0x71 ./Generated_Code/PE_LDD.o
 .ARM.attributes
                0x00000000       0x39 ./Generated_Code/PE_LDD.o
 .debug_frame   0x00000000       0x64 ./Generated_Code/PE_LDD.o
 .group         0x00000000        0x8 ./Generated_Code/Vectors.o
 .group         0x00000000        0x8 ./Generated_Code/Vectors.o
 .group         0x00000000        0x8 ./Generated_Code/Vectors.o
 .group         0x00000000        0x8 ./Generated_Code/Vectors.o
 .group         0x00000000        0x8 ./Generated_Code/Vectors.o
 .group         0x00000000        0x8 ./Generated_Code/Vectors.o
 .group         0x00000000        0x8 ./Generated_Code/Vectors.o
 .group         0x00000000        0x8 ./Generated_Code/Vectors.o
 .group         0x00000000        0x8 ./Generated_Code/Vectors.o
 .text          0x00000000        0x0 ./Generated_Code/Vectors.o
 .data          0x00000000        0x0 ./Generated_Code/Vectors.o
 .bss           0x00000000        0x0 ./Generated_Code/Vectors.o
 .debug_macro   0x00000000      0x850 ./Generated_Code/Vectors.o
 .debug_macro   0x00000000       0x16 ./Generated_Code/Vectors.o
 .debug_macro   0x00000000       0x44 ./Generated_Code/Vectors.o
 .debug_macro   0x00000000      0x209 ./Generated_Code/Vectors.o
 .debug_macro   0x00000000     0x17fa ./Generated_Code/Vectors.o
 .debug_macro   0x00000000      0x14e ./Generated_Code/Vectors.o
 .debug_macro   0x00000000       0x64 ./Generated_Code/Vectors.o
 .debug_macro   0x00000000    0x174c1 ./Generated_Code/Vectors.o
 .debug_macro   0x00000000       0x9a ./Generated_Code/Vectors.o
 .text          0x00000000        0x0 c:/freescale/kds_3.0.0/toolchain/bin/../lib/gcc/arm-none-eabi/4.8.4/../../../../arm-none-eabi/lib/armv7e-m/fpu\libg_s.a(lib_a-exit.o)
 .data          0x00000000        0x0 c:/freescale/kds_3.0.0/toolchain/bin/../lib/gcc/arm-none-eabi/4.8.4/../../../../arm-none-eabi/lib/armv7e-m/fpu\libg_s.a(lib_a-exit.o)
 .bss           0x00000000        0x0 c:/freescale/kds_3.0.0/toolchain/bin/../lib/gcc/arm-none-eabi/4.8.4/../../../../arm-none-eabi/lib/armv7e-m/fpu\libg_s.a(lib_a-exit.o)
 .text          0x00000000        0x0 c:/freescale/kds_3.0.0/toolchain/bin/../lib/gcc/arm-none-eabi/4.8.4/../../../../arm-none-eabi/lib/armv7e-m/fpu\libg_s.a(lib_a-impure.o)
 .data          0x00000000        0x0 c:/freescale/kds_3.0.0/toolchain/bin/../lib/gcc/arm-none-eabi/4.8.4/../../../../arm-none-eabi/lib/armv7e-m/fpu\libg_s.a(lib_a-impure.o)
 .bss           0x00000000        0x0 c:/freescale/kds_3.0.0/toolchain/bin/../lib/gcc/arm-none-eabi/4.8.4/../../../../arm-none-eabi/lib/armv7e-m/fpu\libg_s.a(lib_a-impure.o)
 .data._impure_ptr
                0x00000000        0x4 c:/freescale/kds_3.0.0/toolchain/bin/../lib/gcc/arm-none-eabi/4.8.4/../../../../arm-none-eabi/lib/armv7e-m/fpu\libg_s.a(lib_a-impure.o)
 .text          0x00000000        0x0 c:/freescale/kds_3.0.0/toolchain/bin/../lib/gcc/arm-none-eabi/4.8.4/../../../../arm-none-eabi/lib/armv7e-m/fpu\libg_s.a(lib_a-init.o)
 .data          0x00000000        0x0 c:/freescale/kds_3.0.0/toolchain/bin/../lib/gcc/arm-none-eabi/4.8.4/../../../../arm-none-eabi/lib/armv7e-m/fpu\libg_s.a(lib_a-init.o)
 .bss           0x00000000        0x0 c:/freescale/kds_3.0.0/toolchain/bin/../lib/gcc/arm-none-eabi/4.8.4/../../../../arm-none-eabi/lib/armv7e-m/fpu\libg_s.a(lib_a-init.o)
 .text          0x00000000        0x0 c:/freescale/kds_3.0.0/toolchain/bin/../lib/gcc/arm-none-eabi/4.8.4/../../../../arm-none-eabi/lib/armv7e-m/fpu\libg_s.a(lib_a-memcpy-stub.o)
 .data          0x00000000        0x0 c:/freescale/kds_3.0.0/toolchain/bin/../lib/gcc/arm-none-eabi/4.8.4/../../../../arm-none-eabi/lib/armv7e-m/fpu\libg_s.a(lib_a-memcpy-stub.o)
 .bss           0x00000000        0x0 c:/freescale/kds_3.0.0/toolchain/bin/../lib/gcc/arm-none-eabi/4.8.4/../../../../arm-none-eabi/lib/armv7e-m/fpu\libg_s.a(lib_a-memcpy-stub.o)
 .text          0x00000000        0x0 c:/freescale/kds_3.0.0/toolchain/bin/../lib/gcc/arm-none-eabi/4.8.4/../../../../arm-none-eabi/lib/armv7e-m/fpu\libg_s.a(lib_a-memset.o)
 .data          0x00000000        0x0 c:/freescale/kds_3.0.0/toolchain/bin/../lib/gcc/arm-none-eabi/4.8.4/../../../../arm-none-eabi/lib/armv7e-m/fpu\libg_s.a(lib_a-memset.o)
 .bss           0x00000000        0x0 c:/freescale/kds_3.0.0/toolchain/bin/../lib/gcc/arm-none-eabi/4.8.4/../../../../arm-none-eabi/lib/armv7e-m/fpu\libg_s.a(lib_a-memset.o)
 .text          0x00000000        0x0 c:/freescale/kds_3.0.0/toolchain/bin/../lib/gcc/arm-none-eabi/4.8.4/../../../../arm-none-eabi/lib/armv7e-m/fpu\libnosys.a(_exit.o)
 .data          0x00000000        0x0 c:/freescale/kds_3.0.0/toolchain/bin/../lib/gcc/arm-none-eabi/4.8.4/../../../../arm-none-eabi/lib/armv7e-m/fpu\libnosys.a(_exit.o)
 .bss           0x00000000        0x0 c:/freescale/kds_3.0.0/toolchain/bin/../lib/gcc/arm-none-eabi/4.8.4/../../../../arm-none-eabi/lib/armv7e-m/fpu\libnosys.a(_exit.o)
 .text          0x00000000        0x0 c:/freescale/kds_3.0.0/toolchain/bin/../lib/gcc/arm-none-eabi/4.8.4/armv7e-m/fpu/crtend.o
 .data          0x00000000        0x0 c:/freescale/kds_3.0.0/toolchain/bin/../lib/gcc/arm-none-eabi/4.8.4/armv7e-m/fpu/crtend.o
 .bss           0x00000000        0x0 c:/freescale/kds_3.0.0/toolchain/bin/../lib/gcc/arm-none-eabi/4.8.4/armv7e-m/fpu/crtend.o
 .eh_frame      0x00000000        0x4 c:/freescale/kds_3.0.0/toolchain/bin/../lib/gcc/arm-none-eabi/4.8.4/armv7e-m/fpu/crtend.o
 .jcr           0x00000000        0x4 c:/freescale/kds_3.0.0/toolchain/bin/../lib/gcc/arm-none-eabi/4.8.4/armv7e-m/fpu/crtend.o
 .ARM.attributes
                0x00000000       0x34 c:/freescale/kds_3.0.0/toolchain/bin/../lib/gcc/arm-none-eabi/4.8.4/armv7e-m/fpu/crtend.o
 .text          0x00000000        0x0 c:/freescale/kds_3.0.0/toolchain/bin/../lib/gcc/arm-none-eabi/4.8.4/armv7e-m/fpu/crtn.o
 .data          0x00000000        0x0 c:/freescale/kds_3.0.0/toolchain/bin/../lib/gcc/arm-none-eabi/4.8.4/armv7e-m/fpu/crtn.o
 .bss           0x00000000        0x0 c:/freescale/kds_3.0.0/toolchain/bin/../lib/gcc/arm-none-eabi/4.8.4/armv7e-m/fpu/crtn.o

Memory Configuration

Name             Origin             Length             Attributes
m_interrupts     0x00000000         0x000001e8         xr
m_text           0x00000410         0x0007fbf0         xr
m_data           0x1fff0000         0x00010000         rw
m_data_20000000  0x20000000         0x00010000         rw
m_cfmprotrom     0x00000400         0x00000010         xr
*default*        0x00000000         0xffffffff

Linker script and memory map

LOAD c:/freescale/kds_3.0.0/toolchain/bin/../lib/gcc/arm-none-eabi/4.8.4/armv7e-m/fpu/crti.o
LOAD c:/freescale/kds_3.0.0/toolchain/bin/../lib/gcc/arm-none-eabi/4.8.4/armv7e-m/fpu/crtbegin.o
LOAD c:/freescale/kds_3.0.0/toolchain/bin/../lib/gcc/arm-none-eabi/4.8.4/../../../../arm-none-eabi/lib/armv7e-m/fpu/crt0.o
LOAD ./Sources/FIFO.o
LOAD ./Sources/FTM.o
LOAD ./Sources/Flash.o
LOAD ./Sources/I2C.o
LOAD ./Sources/LEDs.o
LOAD ./Sources/PIT.o
LOAD ./Sources/RTC.o
LOAD ./Sources/UART.o
LOAD ./Sources/accel.o
LOAD ./Sources/main.o
LOAD ./Sources/median.o
LOAD ./Sources/packet.o
LOAD ./Project_Settings/Startup_Code/startup.o
LOAD ./Generated_Code/Cpu.o
LOAD ./Generated_Code/PE_LDD.o
LOAD ./Generated_Code/Vectors.o
LOAD c:/freescale/kds_3.0.0/toolchain/bin/../lib/gcc/arm-none-eabi/4.8.4/../../../../arm-none-eabi/lib/armv7e-m/fpu\libstdc++_s.a
LOAD c:/freescale/kds_3.0.0/toolchain/bin/../lib/gcc/arm-none-eabi/4.8.4/../../../../arm-none-eabi/lib/armv7e-m/fpu\libm.a
START GROUP
LOAD c:/freescale/kds_3.0.0/toolchain/bin/../lib/gcc/arm-none-eabi/4.8.4/armv7e-m/fpu\libgcc.a
LOAD c:/freescale/kds_3.0.0/toolchain/bin/../lib/gcc/arm-none-eabi/4.8.4/../../../../arm-none-eabi/lib/armv7e-m/fpu\libg_s.a
LOAD c:/freescale/kds_3.0.0/toolchain/bin/../lib/gcc/arm-none-eabi/4.8.4/../../../../arm-none-eabi/lib/armv7e-m/fpu\libc_s.a
END GROUP
START GROUP
LOAD c:/freescale/kds_3.0.0/toolchain/bin/../lib/gcc/arm-none-eabi/4.8.4/armv7e-m/fpu\libgcc.a
LOAD c:/freescale/kds_3.0.0/toolchain/bin/../lib/gcc/arm-none-eabi/4.8.4/../../../../arm-none-eabi/lib/armv7e-m/fpu\libc_s.a
LOAD c:/freescale/kds_3.0.0/toolchain/bin/../lib/gcc/arm-none-eabi/4.8.4/../../../../arm-none-eabi/lib/armv7e-m/fpu\libnosys.a
END GROUP
START GROUP
LOAD c:/freescale/kds_3.0.0/toolchain/bin/../lib/gcc/arm-none-eabi/4.8.4/armv7e-m/fpu\libgcc.a
LOAD c:/freescale/kds_3.0.0/toolchain/bin/../lib/gcc/arm-none-eabi/4.8.4/../../../../arm-none-eabi/lib/armv7e-m/fpu\libc_s.a
LOAD c:/freescale/kds_3.0.0/toolchain/bin/../lib/gcc/arm-none-eabi/4.8.4/../../../../arm-none-eabi/lib/armv7e-m/fpu\libnosys.a
END GROUP
LOAD c:/freescale/kds_3.0.0/toolchain/bin/../lib/gcc/arm-none-eabi/4.8.4/armv7e-m/fpu/crtend.o
LOAD c:/freescale/kds_3.0.0/toolchain/bin/../lib/gcc/arm-none-eabi/4.8.4/armv7e-m/fpu/crtn.o
                0x20000000                _estack = 0x20000000
                0x20000000                __SP_INIT = _estack
                0x20000000                __stack = _estack
                0x00000000                __heap_size = 0x0
                0x00000400                __stack_size = 0x400

.interrupts     0x00000000      0x1e8
                0x00000000                __vector_table = .
                0x00000000                . = ALIGN (0x4)
 *(.vectortable)
 .vectortable   0x00000000      0x1e8 ./Generated_Code/Vectors.o
                0x00000000                __vect_table
                0x000001e8                . = ALIGN (0x4)

.cfmprotect     0x00000400       0x10
                0x00000400                . = ALIGN (0x4)
 *(.cfmconfig)
 .cfmconfig     0x00000400       0x10 ./Generated_Code/Cpu.o
                0x00000400                _cfm
                0x00000410                . = ALIGN (0x4)

.text           0x00000410     0x2564
                0x00000410                . = ALIGN (0x4)
 *(.text)
 .text          0x00000410       0x54 c:/freescale/kds_3.0.0/toolchain/bin/../lib/gcc/arm-none-eabi/4.8.4/armv7e-m/fpu/crtbegin.o
 .text          0x00000464       0x74 c:/freescale/kds_3.0.0/toolchain/bin/../lib/gcc/arm-none-eabi/4.8.4/../../../../arm-none-eabi/lib/armv7e-m/fpu/crt0.o
                0x00000464                _start
                0x00000464                _mainCRTStartup
 *(.text*)
 .text.FIFO_Init
                0x000004d8       0x24 ./Sources/FIFO.o
                0x000004d8                FIFO_Init
 .text.FIFO_Put
                0x000004fc       0xc4 ./Sources/FIFO.o
                0x000004fc                FIFO_Put
 .text.FIFO_Get
                0x000005c0       0xc0 ./Sources/FIFO.o
                0x000005c0                FIFO_Get
 .text.FTM_Init
                0x00000680       0x74 ./Sources/FTM.o
                0x00000680                FTM_Init
 .text.FTM_Set  0x000006f4      0x184 ./Sources/FTM.o
                0x000006f4                FTM_Set
 .text.FTM_StartTimer
                0x00000878       0x8c ./Sources/FTM.o
                0x00000878                FTM_StartTimer
 .text.FTM0_ISR
                0x00000904       0x2c ./Sources/FTM.o
                0x00000904                FTM0_ISR
 .text.Flash_Init
                0x00000930       0x34 ./Sources/Flash.o
                0x00000930                Flash_Init
 .text.Flash_AllocateVar
                0x00000964       0x94 ./Sources/Flash.o
                0x00000964                Flash_AllocateVar
 .text.AllocateVar
                0x000009f8       0xb8 ./Sources/Flash.o
 .text.WritePhrase
                0x00000ab0       0xdc ./Sources/Flash.o
 .text.Flash_Write32
                0x00000b8c       0x58 ./Sources/Flash.o
                0x00000b8c                Flash_Write32
 .text.Flash_Write16
                0x00000be4       0x60 ./Sources/Flash.o
                0x00000be4                Flash_Write16
 .text.Flash_Write8
                0x00000c44       0x60 ./Sources/Flash.o
                0x00000c44                Flash_Write8
 .text.Flash_Erase
                0x00000ca4       0x14 ./Sources/Flash.o
                0x00000ca4                Flash_Erase
 .text.EraseSector
                0x00000cb8       0x40 ./Sources/Flash.o
 .text.LaunchCommand
                0x00000cf8       0xa0 ./Sources/Flash.o
 .text.I2C_Init
                0x00000d98      0x184 ./Sources/I2C.o
                0x00000d98                I2C_Init
 .text.I2C_SelectSlaveDevice
                0x00000f1c       0x20 ./Sources/I2C.o
                0x00000f1c                I2C_SelectSlaveDevice
 .text.Start    0x00000f3c       0x30 ./Sources/I2C.o
 .text.Wait     0x00000f6c       0x30 ./Sources/I2C.o
 .text.Stop     0x00000f9c       0x20 ./Sources/I2C.o
 .text.I2C_Write
                0x00000fbc       0x5c ./Sources/I2C.o
                0x00000fbc                I2C_Write
 .text.I2C_PollRead
                0x00001018      0x10c ./Sources/I2C.o
                0x00001018                I2C_PollRead
 .text.I2C_IntRead
                0x00001124       0xa8 ./Sources/I2C.o
                0x00001124                I2C_IntRead
 .text.I2C_ISR  0x000011cc      0x1c0 ./Sources/I2C.o
                0x000011cc                I2C_ISR
 .text.LEDs_Init
                0x0000138c       0x64 ./Sources/LEDs.o
                0x0000138c                LEDs_Init
 .text.LEDs_On  0x000013f0       0x24 ./Sources/LEDs.o
                0x000013f0                LEDs_On
 .text.LEDs_Off
                0x00001414       0x24 ./Sources/LEDs.o
                0x00001414                LEDs_Off
 .text.LEDs_Toggle
                0x00001438       0x24 ./Sources/LEDs.o
                0x00001438                LEDs_Toggle
 .text.PIT_Init
                0x0000145c       0x9c ./Sources/PIT.o
                0x0000145c                PIT_Init
 .text.PIT_Set  0x000014f8       0x5c ./Sources/PIT.o
                0x000014f8                PIT_Set
 .text.PIT_Enable
                0x00001554       0x40 ./Sources/PIT.o
                0x00001554                PIT_Enable
 .text.PIT_ISR  0x00001594       0x2c ./Sources/PIT.o
                0x00001594                PIT_ISR
 .text.RTC_Init
                0x000015c0       0x9c ./Sources/RTC.o
                0x000015c0                RTC_Init
 .text.RTC_Set  0x0000165c       0x58 ./Sources/RTC.o
                0x0000165c                RTC_Set
 .text.RTC_Get  0x000016b4       0x94 ./Sources/RTC.o
                0x000016b4                RTC_Get
 .text.RTC_ISR  0x00001748       0x2c ./Sources/RTC.o
                0x00001748                RTC_ISR
 .text.UART_Init
                0x00001774      0x110 ./Sources/UART.o
                0x00001774                UART_Init
 .text.UART_InChar
                0x00001884       0x20 ./Sources/UART.o
                0x00001884                UART_InChar
 .text.UART_OutChar
                0x000018a4       0x38 ./Sources/UART.o
                0x000018a4                UART_OutChar
 .text.UART_ISR
                0x000018dc       0x7c ./Sources/UART.o
                0x000018dc                UART_ISR
 .text.Accel_Init
                0x00001958       0xa4 ./Sources/accel.o
                0x00001958                Accel_Init
 .text.Accel_ReadXYZ
                0x000019fc       0x98 ./Sources/accel.o
                0x000019fc                Accel_ReadXYZ
 .text.PushArray
                0x00001a94       0x60 ./Sources/accel.o
 .text.Accel_SetMode
                0x00001af4       0x9c ./Sources/accel.o
                0x00001af4                Accel_SetMode
 .text.AccelDataReady_ISR
                0x00001b90       0x48 ./Sources/accel.o
                0x00001b90                AccelDataReady_ISR
 .text.main     0x00001bd8       0xe8 ./Sources/main.o
                0x00001bd8                main
 .text.InitialPackets
                0x00001cc0       0x6c ./Sources/main.o
                0x00001cc0                InitialPackets
 .text.PacketHandler
                0x00001d2c      0x2c4 ./Sources/main.o
                0x00001d2c                PacketHandler
 .text.ReadCompleteCallback
                0x00001ff0       0x24 ./Sources/main.o
                0x00001ff0                ReadCompleteCallback
 .text.DataReadyCallback
                0x00002014       0x20 ./Sources/main.o
                0x00002014                DataReadyCallback
 .text.PITCallback
                0x00002034       0xa8 ./Sources/main.o
                0x00002034                PITCallback
 .text.RTCCallback
                0x000020dc       0x38 ./Sources/main.o
                0x000020dc                RTCCallback
 .text.FTM0Callback
                0x00002114       0x40 ./Sources/main.o
                0x00002114                FTM0Callback
 .text.Median_Filter3
                0x00002154       0x6c ./Sources/median.o
                0x00002154                Median_Filter3
 .text.Packet_Init
                0x000021c0       0x1c ./Sources/packet.o
                0x000021c0                Packet_Init
 .text.Packet_Get
                0x000021dc      0x124 ./Sources/packet.o
                0x000021dc                Packet_Get
 .text.Packet_Put
                0x00002300       0x74 ./Sources/packet.o
                0x00002300                Packet_Put
 .text.__copy_rom_section
                0x00002374       0xe4 ./Project_Settings/Startup_Code/startup.o
                0x00002374                __copy_rom_section
 .text.__copy_rom_sections_to_ram
                0x00002458       0x9c ./Project_Settings/Startup_Code/startup.o
                0x00002458                __copy_rom_sections_to_ram
 .text.__init_registers
                0x000024f4       0x20 ./Project_Settings/Startup_Code/startup.o
                0x000024f4                __init_registers
 .text.__init_user
                0x00002514        0xc ./Project_Settings/Startup_Code/startup.o
                0x00002514                __init_user
 .text.__thumb_startup
                0x00002520       0x34 ./Project_Settings/Startup_Code/startup.o
                0x00002520                __thumb_startup
 .text.Cpu_Interrupt
                0x00002554       0x18 ./Generated_Code/Cpu.o
                0x00002554                Cpu_Interrupt
 .text.__init_hardware
                0x0000256c      0x1cc ./Generated_Code/Cpu.o
                0x0000256c                __init_hardware
 .text.Cpu_SetBASEPRI
                0x00002738       0x18 ./Generated_Code/Cpu.o
                0x00002738                Cpu_SetBASEPRI
 .text.PE_low_level_init
                0x00002750       0xe4 ./Generated_Code/Cpu.o
                0x00002750                PE_low_level_init
 .text.exit     0x00002834       0x28 c:/freescale/kds_3.0.0/toolchain/bin/../lib/gcc/arm-none-eabi/4.8.4/../../../../arm-none-eabi/lib/armv7e-m/fpu\libg_s.a(lib_a-exit.o)
                0x00002834                exit
 .text.__libc_init_array
                0x0000285c       0x4c c:/freescale/kds_3.0.0/toolchain/bin/../lib/gcc/arm-none-eabi/4.8.4/../../../../arm-none-eabi/lib/armv7e-m/fpu\libg_s.a(lib_a-init.o)
                0x0000285c                __libc_init_array
 .text.memcpy   0x000028a8       0x12 c:/freescale/kds_3.0.0/toolchain/bin/../lib/gcc/arm-none-eabi/4.8.4/../../../../arm-none-eabi/lib/armv7e-m/fpu\libg_s.a(lib_a-memcpy-stub.o)
                0x000028a8                memcpy
 .text.memset   0x000028ba       0x10 c:/freescale/kds_3.0.0/toolchain/bin/../lib/gcc/arm-none-eabi/4.8.4/../../../../arm-none-eabi/lib/armv7e-m/fpu\libg_s.a(lib_a-memset.o)
                0x000028ba                memset
 *fill*         0x000028ca        0x2 
 .text._exit    0x000028cc        0x4 c:/freescale/kds_3.0.0/toolchain/bin/../lib/gcc/arm-none-eabi/4.8.4/../../../../arm-none-eabi/lib/armv7e-m/fpu\libnosys.a(_exit.o)
                0x000028cc                _exit
 *(.rodata)
 .rodata        0x000028d0       0x84 ./Sources/I2C.o
 *(.rodata*)
 .rodata.str1.1
                0x00002954        0x2 c:/freescale/kds_3.0.0/toolchain/bin/../lib/gcc/arm-none-eabi/4.8.4/../../../../arm-none-eabi/lib/armv7e-m/fpu\libg_s.a(lib_a-impure.o)
 *fill*         0x00002956        0x2 
 .rodata._global_impure_ptr
                0x00002958        0x4 c:/freescale/kds_3.0.0/toolchain/bin/../lib/gcc/arm-none-eabi/4.8.4/../../../../arm-none-eabi/lib/armv7e-m/fpu\libg_s.a(lib_a-impure.o)
                0x00002958                _global_impure_ptr
 *(.glue_7)
 .glue_7        0x00000000        0x0 linker stubs
 *(.glue_7t)
 .glue_7t       0x00000000        0x0 linker stubs
 *(.eh_frame)
 .eh_frame      0x0000295c        0x0 c:/freescale/kds_3.0.0/toolchain/bin/../lib/gcc/arm-none-eabi/4.8.4/armv7e-m/fpu/crtbegin.o
 *(.init)
 .init          0x0000295c        0x4 c:/freescale/kds_3.0.0/toolchain/bin/../lib/gcc/arm-none-eabi/4.8.4/armv7e-m/fpu/crti.o
                0x0000295c                _init
 .init          0x00002960        0x8 c:/freescale/kds_3.0.0/toolchain/bin/../lib/gcc/arm-none-eabi/4.8.4/armv7e-m/fpu/crtn.o
 *(.fini)
 .fini          0x00002968        0x4 c:/freescale/kds_3.0.0/toolchain/bin/../lib/gcc/arm-none-eabi/4.8.4/armv7e-m/fpu/crti.o
                0x00002968                _fini
 .fini          0x0000296c        0x8 c:/freescale/kds_3.0.0/toolchain/bin/../lib/gcc/arm-none-eabi/4.8.4/armv7e-m/fpu/crtn.o
                0x00002974                . = ALIGN (0x4)
                0x00002974                _etext = .

.vfp11_veneer   0x00002974        0x0
 .vfp11_veneer  0x00000000        0x0 linker stubs

.v4_bx          0x00002974        0x0
 .v4_bx         0x00000000        0x0 linker stubs

.iplt           0x00002974        0x0
 .iplt          0x00000000        0x0 c:/freescale/kds_3.0.0/toolchain/bin/../lib/gcc/arm-none-eabi/4.8.4/armv7e-m/fpu/crtbegin.o

.ARM.extab
 *(.ARM.extab* .gnu.linkonce.armextab.*)

.ARM            0x00002974        0x8
                0x00002974                __exidx_start = .
 *(.ARM.exidx*)
 .ARM.exidx     0x00002974        0x8 c:/freescale/kds_3.0.0/toolchain/bin/../lib/gcc/arm-none-eabi/4.8.4/../../../../arm-none-eabi/lib/armv7e-m/fpu/crt0.o
                0x0000297c                __exidx_end = .

.rel.dyn        0x0000297c        0x0
 .rel.iplt      0x00000000        0x0 c:/freescale/kds_3.0.0/toolchain/bin/../lib/gcc/arm-none-eabi/4.8.4/armv7e-m/fpu/crtbegin.o

.ctors          0x0000297c        0x0
                0x0000297c                __CTOR_LIST__ = .
 *crtbegin.o(.ctors)
 *(EXCLUDE_FILE(*crtend.o) .ctors)
 *(SORT(.ctors.*))
 *(.ctors)
                0x0000297c                __CTOR_END__ = .

.dtors          0x0000297c        0x0
                0x0000297c                __DTOR_LIST__ = .
 *crtbegin.o(.dtors)
 *(EXCLUDE_FILE(*crtend.o) .dtors)
 *(SORT(.dtors.*))
 *(.dtors)
                0x0000297c                __DTOR_END__ = .

.preinit_array  0x0000297c        0x0
                0x0000297c                PROVIDE (__preinit_array_start, .)
 *(.preinit_array*)
                0x0000297c                PROVIDE (__preinit_array_end, .)

.init_array     0x0000297c        0x4
                0x0000297c                PROVIDE (__init_array_start, .)
 *(SORT(.init_array.*))
 *(.init_array*)
 .init_array    0x0000297c        0x4 c:/freescale/kds_3.0.0/toolchain/bin/../lib/gcc/arm-none-eabi/4.8.4/armv7e-m/fpu/crtbegin.o
                0x00002980                PROVIDE (__init_array_end, .)

.fini_array     0x00002980        0x4
                0x00002980                PROVIDE (__fini_array_start, .)
 *(SORT(.fini_array.*))
 *(.fini_array*)
 .fini_array    0x00002980        0x4 c:/freescale/kds_3.0.0/toolchain/bin/../lib/gcc/arm-none-eabi/4.8.4/armv7e-m/fpu/crtbegin.o
                0x00002984                PROVIDE (__fini_array_end, .)
                0x00002984                ___ROM_AT = .

.data           0x1fff0000       0x88 load address 0x00002984
                0x1fff0000                . = ALIGN (0x4)
                0x1fff0000                _sdata = .
 *(.data)
 *(.data*)
 .data.FTM_Timer
                0x1fff0000       0x10 ./Sources/main.o
 .data.Accelerometer
                0x1fff0010       0x14 ./Sources/main.o
 .data.TowerMode
                0x1fff0024        0x2 ./Sources/main.o
 .data.TowerNumber
                0x1fff0026        0x2 ./Sources/main.o
 .data.impure_data
                0x1fff0028       0x60 c:/freescale/kds_3.0.0/toolchain/bin/../lib/gcc/arm-none-eabi/4.8.4/../../../../arm-none-eabi/lib/armv7e-m/fpu\libg_s.a(lib_a-impure.o)
                0x1fff0088                . = ALIGN (0x4)
                0x1fff0088                _edata = .
                0x00000088                ___data_size = (_edata - _sdata)
                0x00002a0c                ___m_data_20000000_ROMStart = (___ROM_AT + SIZEOF (.data))

.jcr            0x1fff0088        0x0 load address 0x00002a0c
 .jcr           0x1fff0088        0x0 c:/freescale/kds_3.0.0/toolchain/bin/../lib/gcc/arm-none-eabi/4.8.4/armv7e-m/fpu/crtbegin.o

.igot.plt       0x1fff0088        0x0 load address 0x00002a0c
 .igot.plt      0x00000000        0x0 c:/freescale/kds_3.0.0/toolchain/bin/../lib/gcc/arm-none-eabi/4.8.4/armv7e-m/fpu/crtbegin.o

.m_data_20000000
                0x20000000        0x0 load address 0x00002a0c
                0x20000000                . = ALIGN (0x4)
                0x20000000                ___m_data_20000000_RAMStart = .
 *(.m_data_20000000)
                0x20000000                ___m_data_20000000_RAMEnd = .
                0x20000000                . = ALIGN (0x4)
                0x00000000                ___m_data_20000000_ROMSize = (___m_data_20000000_RAMEnd - ___m_data_20000000_RAMStart)
                0x20000000                . = ALIGN (0x4)

.bss            0x1fff0088      0x2b0 load address 0x00002a0c
                0x1fff0088                __START_BSS = .
                0x1fff0088                PROVIDE (__bss_start__, __START_BSS)
 *(.bss)
 .bss           0x1fff0088       0x1c c:/freescale/kds_3.0.0/toolchain/bin/../lib/gcc/arm-none-eabi/4.8.4/armv7e-m/fpu/crtbegin.o
 *(.bss*)
 .bss.UserArgumentsGlobal
                0x1fff00a4        0x4 ./Sources/FTM.o
 .bss.FTM0CallbackGlobal
                0x1fff00a8        0x4 ./Sources/FTM.o
 .bss.Occupied  0x1fff00ac        0x1 ./Sources/Flash.o
 .bss.SlaveAddress
                0x1fff00ad        0x1 ./Sources/I2C.o
 *fill*         0x1fff00ae        0x2 
 .bss.I2CReadSequence
                0x1fff00b0        0x4 ./Sources/I2C.o
 .bss.SequencePosition
                0x1fff00b4        0x1 ./Sources/I2C.o
 *fill*         0x1fff00b5        0x3 
 .bss.DataPtr   0x1fff00b8        0x4 ./Sources/I2C.o
 .bss.NumBytes  0x1fff00bc        0x1 ./Sources/I2C.o
 .bss.DataCounter
                0x1fff00bd        0x1 ./Sources/I2C.o
 *fill*         0x1fff00be        0x2 
 .bss.ReadCompleteUserArgumentsGlobal
                0x1fff00c0        0x4 ./Sources/I2C.o
 .bss.ReadCompleteCallbackGlobal
                0x1fff00c4        0x4 ./Sources/I2C.o
 .bss.UserArgumentsGlobal
                0x1fff00c8        0x4 ./Sources/PIT.o
 .bss.PITCallbackGlobal
                0x1fff00cc        0x4 ./Sources/PIT.o
 .bss.ModuleClkMHz
                0x1fff00d0        0x4 ./Sources/PIT.o
 .bss.UserArgumentsGlobal
                0x1fff00d4        0x4 ./Sources/RTC.o
 .bss.RTCCallbackGlobal
                0x1fff00d8        0x4 ./Sources/RTC.o
 .bss.CTRL_REG1_Union
                0x1fff00dc        0x4 ./Sources/accel.o
 .bss.CTRL_REG4_Union
                0x1fff00e0        0x4 ./Sources/accel.o
 .bss.XYZArray  0x1fff00e4        0xc ./Sources/accel.o
 .bss.Protocol_Mode
                0x1fff00f0        0x1 ./Sources/main.o
                0x1fff00f0                Protocol_Mode
 *fill*         0x1fff00f1        0x3 
 .bss.accelerometerValues
                0x1fff00f4        0x4 ./Sources/main.o
 .bss.lastAccelerometerValues.6758
                0x1fff00f8        0x4 ./Sources/main.o
 .bss.state.4068
                0x1fff00fc        0x1 ./Sources/packet.o
 .bss.SR_lock   0x1fff00fd        0x1 ./Generated_Code/Cpu.o
                0x1fff00fd                SR_lock
 *(COMMON)
 *fill*         0x1fff00fe        0x2 
 COMMON         0x1fff0100        0xc ./Sources/Flash.o
                0x1fff0100                Fccob
 COMMON         0x1fff010c        0x8 ./Sources/accel.o
                0x1fff010c                DataReadyUserArgumentsGlobal
                0x1fff0110                DataReadyCallbackGlobal
 COMMON         0x1fff0114      0x220 ./Sources/main.o
                0x1fff0114                Packet
                0x1fff011c                TxFIFO
                0x1fff0224                RxFIFO
                0x1fff032c                NvTowerMode
                0x1fff0330                NvTowerNumber
 COMMON         0x1fff0334        0x1 ./Generated_Code/Cpu.o
                0x1fff0334                SR_reg
                0x1fff0338                . = ALIGN (0x4)
 *fill*         0x1fff0335        0x3 
                0x1fff0338                __END_BSS = .
                0x1fff0338                PROVIDE (__bss_end__, __END_BSS)
                0x00002a0c                _romp_at = ((___ROM_AT + SIZEOF (.data)) + SIZEOF (.m_data_20000000))

.romp           0x1fff0338       0x24 load address 0x00002a0c
                0x00002a0c                __S_romp = _romp_at
                0x1fff0338        0x4 LONG 0x2984 ___ROM_AT
                0x1fff033c        0x4 LONG 0x1fff0000 _sdata
                0x1fff0340        0x4 LONG 0x88 ___data_size
                0x1fff0344        0x4 LONG 0x2a0c ___m_data_20000000_ROMStart
                0x1fff0348        0x4 LONG 0x20000000 ___m_data_20000000_RAMStart
                0x1fff034c        0x4 LONG 0x0 ___m_data_20000000_ROMSize
                0x1fff0350        0x4 LONG 0x0
                0x1fff0354        0x4 LONG 0x0
                0x1fff0358        0x4 LONG 0x0

._user_heap_stack
                0x1fff035c      0x400 load address 0x00002a30
                0x1fff035c                . = ALIGN (0x4)
                0x1fff035c                PROVIDE (end, .)
                0x1fff035c                PROVIDE (_end, .)
                0x1fff035c                __heap_addr = .
                0x1fff035c                __HeapBase = .
                0x1fff035c                . = (. + __heap_size)
                0x1fff035c                __HeapLimit = .
                0x1fff075c                . = (. + __stack_size)
 *fill*         0x1fff035c      0x400 
                0x1fff075c                . = ALIGN (0x4)

.ARM.attributes
                0x00000000       0x30
 *(.ARM.attributes)
 .ARM.attributes
                0x00000000       0x22 c:/freescale/kds_3.0.0/toolchain/bin/../lib/gcc/arm-none-eabi/4.8.4/armv7e-m/fpu/crti.o
 .ARM.attributes
                0x00000022       0x34 c:/freescale/kds_3.0.0/toolchain/bin/../lib/gcc/arm-none-eabi/4.8.4/armv7e-m/fpu/crtbegin.o
 .ARM.attributes
                0x00000056       0x20 c:/freescale/kds_3.0.0/toolchain/bin/../lib/gcc/arm-none-eabi/4.8.4/../../../../arm-none-eabi/lib/armv7e-m/fpu/crt0.o
 .ARM.attributes
                0x00000076       0x39 ./Sources/FIFO.o
 .ARM.attributes
                0x000000af       0x39 ./Sources/FTM.o
 .ARM.attributes
                0x000000e8       0x39 ./Sources/Flash.o
 .ARM.attributes
                0x00000121       0x39 ./Sources/I2C.o
 .ARM.attributes
                0x0000015a       0x39 ./Sources/LEDs.o
 .ARM.attributes
                0x00000193       0x39 ./Sources/PIT.o
 .ARM.attributes
                0x000001cc       0x39 ./Sources/RTC.o
 .ARM.attributes
                0x00000205       0x39 ./Sources/UART.o
 .ARM.attributes
                0x0000023e       0x39 ./Sources/accel.o
 .ARM.attributes
                0x00000277       0x39 ./Sources/main.o
 .ARM.attributes
                0x000002b0       0x39 ./Sources/median.o
 .ARM.attributes
                0x000002e9       0x39 ./Sources/packet.o
 .ARM.attributes
                0x00000322       0x39 ./Project_Settings/Startup_Code/startup.o
 .ARM.attributes
                0x0000035b       0x39 ./Generated_Code/Cpu.o
 .ARM.attributes
                0x00000394       0x39 ./Generated_Code/Vectors.o
 .ARM.attributes
                0x000003cd       0x34 c:/freescale/kds_3.0.0/toolchain/bin/../lib/gcc/arm-none-eabi/4.8.4/../../../../arm-none-eabi/lib/armv7e-m/fpu\libg_s.a(lib_a-exit.o)
 .ARM.attributes
                0x00000401       0x34 c:/freescale/kds_3.0.0/toolchain/bin/../lib/gcc/arm-none-eabi/4.8.4/../../../../arm-none-eabi/lib/armv7e-m/fpu\libg_s.a(lib_a-impure.o)
 .ARM.attributes
                0x00000435       0x34 c:/freescale/kds_3.0.0/toolchain/bin/../lib/gcc/arm-none-eabi/4.8.4/../../../../arm-none-eabi/lib/armv7e-m/fpu\libg_s.a(lib_a-init.o)
 .ARM.attributes
                0x00000469       0x34 c:/freescale/kds_3.0.0/toolchain/bin/../lib/gcc/arm-none-eabi/4.8.4/../../../../arm-none-eabi/lib/armv7e-m/fpu\libg_s.a(lib_a-memcpy-stub.o)
 .ARM.attributes
                0x0000049d       0x34 c:/freescale/kds_3.0.0/toolchain/bin/../lib/gcc/arm-none-eabi/4.8.4/../../../../arm-none-eabi/lib/armv7e-m/fpu\libg_s.a(lib_a-memset.o)
 .ARM.attributes
                0x000004d1       0x34 c:/freescale/kds_3.0.0/toolchain/bin/../lib/gcc/arm-none-eabi/4.8.4/../../../../arm-none-eabi/lib/armv7e-m/fpu\libnosys.a(_exit.o)
 .ARM.attributes
                0x00000505       0x22 c:/freescale/kds_3.0.0/toolchain/bin/../lib/gcc/arm-none-eabi/4.8.4/armv7e-m/fpu/crtn.o
OUTPUT(Lab4.elf elf32-littlearm)

.debug_info     0x00000000     0x597b
 .debug_info    0x00000000      0x221 ./Sources/FIFO.o
 .debug_info    0x00000221      0x740 ./Sources/FTM.o
 .debug_info    0x00000961      0x68c ./Sources/Flash.o
 .debug_info    0x00000fed      0x87e ./Sources/I2C.o
 .debug_info    0x0000186b      0x4a9 ./Sources/LEDs.o
 .debug_info    0x00001d14      0x593 ./Sources/PIT.o
 .debug_info    0x000022a7      0x5ff ./Sources/RTC.o
 .debug_info    0x000028a6      0x8dc ./Sources/UART.o
 .debug_info    0x00003182      0xa27 ./Sources/accel.o
 .debug_info    0x00003ba9      0x8fa ./Sources/main.o
 .debug_info    0x000044a3       0xe1 ./Sources/median.o
 .debug_info    0x00004584      0x2b6 ./Sources/packet.o
 .debug_info    0x0000483a      0x3b0 ./Project_Settings/Startup_Code/startup.o
 .debug_info    0x00004bea      0xc82 ./Generated_Code/Cpu.o
 .debug_info    0x0000586c      0x10f ./Generated_Code/Vectors.o

.debug_abbrev   0x00000000     0x156f
 .debug_abbrev  0x00000000      0x112 ./Sources/FIFO.o
 .debug_abbrev  0x00000112      0x1ad ./Sources/FTM.o
 .debug_abbrev  0x000002bf      0x1b0 ./Sources/Flash.o
 .debug_abbrev  0x0000046f      0x1c7 ./Sources/I2C.o
 .debug_abbrev  0x00000636      0x144 ./Sources/LEDs.o
 .debug_abbrev  0x0000077a      0x184 ./Sources/PIT.o
 .debug_abbrev  0x000008fe      0x15d ./Sources/RTC.o
 .debug_abbrev  0x00000a5b      0x1a9 ./Sources/UART.o
 .debug_abbrev  0x00000c04      0x24d ./Sources/accel.o
 .debug_abbrev  0x00000e51      0x207 ./Sources/main.o
 .debug_abbrev  0x00001058       0x7b ./Sources/median.o
 .debug_abbrev  0x000010d3       0xea ./Sources/packet.o
 .debug_abbrev  0x000011bd      0x189 ./Project_Settings/Startup_Code/startup.o
 .debug_abbrev  0x00001346      0x185 ./Generated_Code/Cpu.o
 .debug_abbrev  0x000014cb       0xa4 ./Generated_Code/Vectors.o

.debug_aranges  0x00000000      0x398
 .debug_aranges
                0x00000000       0x30 ./Sources/FIFO.o
 .debug_aranges
                0x00000030       0x38 ./Sources/FTM.o
 .debug_aranges
                0x00000068       0x68 ./Sources/Flash.o
 .debug_aranges
                0x000000d0       0x60 ./Sources/I2C.o
 .debug_aranges
                0x00000130       0x38 ./Sources/LEDs.o
 .debug_aranges
                0x00000168       0x38 ./Sources/PIT.o
 .debug_aranges
                0x000001a0       0x38 ./Sources/RTC.o
 .debug_aranges
                0x000001d8       0x38 ./Sources/UART.o
 .debug_aranges
                0x00000210       0x40 ./Sources/accel.o
 .debug_aranges
                0x00000250       0x58 ./Sources/main.o
 .debug_aranges
                0x000002a8       0x20 ./Sources/median.o
 .debug_aranges
                0x000002c8       0x30 ./Sources/packet.o
 .debug_aranges
                0x000002f8       0x50 ./Project_Settings/Startup_Code/startup.o
 .debug_aranges
                0x00000348       0x38 ./Generated_Code/Cpu.o
 .debug_aranges
                0x00000380       0x18 ./Generated_Code/Vectors.o

.debug_ranges   0x00000000      0x2a0
 .debug_ranges  0x00000000       0x20 ./Sources/FIFO.o
 .debug_ranges  0x00000020       0x28 ./Sources/FTM.o
 .debug_ranges  0x00000048       0x58 ./Sources/Flash.o
 .debug_ranges  0x000000a0       0x50 ./Sources/I2C.o
 .debug_ranges  0x000000f0       0x28 ./Sources/LEDs.o
 .debug_ranges  0x00000118       0x28 ./Sources/PIT.o
 .debug_ranges  0x00000140       0x28 ./Sources/RTC.o
 .debug_ranges  0x00000168       0x28 ./Sources/UART.o
 .debug_ranges  0x00000190       0x30 ./Sources/accel.o
 .debug_ranges  0x000001c0       0x48 ./Sources/main.o
 .debug_ranges  0x00000208       0x10 ./Sources/median.o
 .debug_ranges  0x00000218       0x20 ./Sources/packet.o
 .debug_ranges  0x00000238       0x40 ./Project_Settings/Startup_Code/startup.o
 .debug_ranges  0x00000278       0x28 ./Generated_Code/Cpu.o

.debug_macro    0x00000000    0x33ec0
 .debug_macro   0x00000000       0xa3 ./Sources/FIFO.o
 .debug_macro   0x000000a3      0x850 ./Sources/FIFO.o
 .debug_macro   0x000008f3       0x16 ./Sources/FIFO.o
 .debug_macro   0x00000909       0x44 ./Sources/FIFO.o
 .debug_macro   0x0000094d      0x209 ./Sources/FIFO.o
 .debug_macro   0x00000b56     0x17fa ./Sources/FIFO.o
 .debug_macro   0x00002350      0x14e ./Sources/FIFO.o
 .debug_macro   0x0000249e       0x64 ./Sources/FIFO.o
 .debug_macro   0x00002502    0x174c1 ./Sources/FIFO.o
 .debug_macro   0x000199c3       0x9a ./Sources/FIFO.o
 .debug_macro   0x00019a5d       0x69 ./Sources/FTM.o
 .debug_macro   0x00019ac6       0x73 ./Sources/Flash.o
 .debug_macro   0x00019b39       0x3a ./Sources/Flash.o
 .debug_macro   0x00019b73       0x2e ./Sources/Flash.o
 .debug_macro   0x00019ba1      0x154 ./Sources/I2C.o
 .debug_macro   0x00019cf5       0x58 ./Sources/I2C.o
 .debug_macro   0x00019d4d       0x35 ./Sources/I2C.o
 .debug_macro   0x00019d82       0xa3 ./Sources/I2C.o
 .debug_macro   0x00019e25       0x16 ./Sources/I2C.o
 .debug_macro   0x00019e3b      0x10e ./Sources/I2C.o
 .debug_macro   0x00019f49       0x7f ./Sources/I2C.o
 .debug_macro   0x00019fc8       0x52 ./Sources/I2C.o
 .debug_macro   0x0001a01a       0x16 ./Sources/I2C.o
 .debug_macro   0x0001a030       0x43 ./Sources/I2C.o
 .debug_macro   0x0001a073      0x180 ./Sources/I2C.o
 .debug_macro   0x0001a1f3       0x22 ./Sources/I2C.o
 .debug_macro   0x0001a215       0x5f ./Sources/LEDs.o
 .debug_macro   0x0001a274       0x69 ./Sources/PIT.o
 .debug_macro   0x0001a2dd       0x5f ./Sources/RTC.o
 .debug_macro   0x0001a33c       0x5e ./Sources/UART.o
 .debug_macro   0x0001a39a       0x10 ./Sources/UART.o
 .debug_macro   0x0001a3aa      0x1e0 ./Sources/accel.o
 .debug_macro   0x0001a58a     0x1800 ./Sources/accel.o
 .debug_macro   0x0001bd8a       0x9a ./Sources/accel.o
 .debug_macro   0x0001be24      0x138 ./Sources/main.o
 .debug_macro   0x0001bf5c       0x4c ./Sources/median.o
 .debug_macro   0x0001bfa8       0x65 ./Sources/packet.o
 .debug_macro   0x0001c00d       0x34 ./Sources/packet.o
 .debug_macro   0x0001c041      0x121 ./Project_Settings/Startup_Code/startup.o
 .debug_macro   0x0001c162      0x166 ./Project_Settings/Startup_Code/startup.o
 .debug_macro   0x0001c2c8       0x4a ./Project_Settings/Startup_Code/startup.o
 .debug_macro   0x0001c312      0x2a6 ./Project_Settings/Startup_Code/startup.o
 .debug_macro   0x0001c5b8       0x10 ./Project_Settings/Startup_Code/startup.o
 .debug_macro   0x0001c5c8       0x35 ./Project_Settings/Startup_Code/startup.o
 .debug_macro   0x0001c5fd       0x16 ./Project_Settings/Startup_Code/startup.o
 .debug_macro   0x0001c613      0x20f ./Project_Settings/Startup_Code/startup.o
 .debug_macro   0x0001c822    0x174af ./Project_Settings/Startup_Code/startup.o
 .debug_macro   0x00033cd1       0x84 ./Generated_Code/Cpu.o
 .debug_macro   0x00033d55       0xa0 ./Generated_Code/Cpu.o
 .debug_macro   0x00033df5       0xcb ./Generated_Code/Vectors.o

.debug_line     0x00000000     0x2664
 .debug_line    0x00000000      0x296 ./Sources/FIFO.o
 .debug_line    0x00000296      0x25c ./Sources/FTM.o
 .debug_line    0x000004f2      0x2e5 ./Sources/Flash.o
 .debug_line    0x000007d7      0x3f4 ./Sources/I2C.o
 .debug_line    0x00000bcb      0x200 ./Sources/LEDs.o
 .debug_line    0x00000dcb      0x210 ./Sources/PIT.o
 .debug_line    0x00000fdb      0x23a ./Sources/RTC.o
 .debug_line    0x00001215      0x214 ./Sources/UART.o
 .debug_line    0x00001429      0x2b7 ./Sources/accel.o
 .debug_line    0x000016e0      0x384 ./Sources/main.o
 .debug_line    0x00001a64      0x18b ./Sources/median.o
 .debug_line    0x00001bef      0x1f2 ./Sources/packet.o
 .debug_line    0x00001de1      0x3be ./Project_Settings/Startup_Code/startup.o
 .debug_line    0x0000219f      0x270 ./Generated_Code/Cpu.o
 .debug_line    0x0000240f      0x255 ./Generated_Code/Vectors.o

.debug_str      0x00000000    0x8e941
 .debug_str     0x00000000    0x8a532 ./Sources/FIFO.o
                              0x8a69b (size before relaxing)
 .debug_str     0x0008a532      0x3b6 ./Sources/FTM.o
                              0x830ca (size before relaxing)
 .debug_str     0x0008a8e8      0x5d1 ./Sources/Flash.o
                              0x832f8 (size before relaxing)
 .debug_str     0x0008aeb9     0x181a ./Sources/I2C.o
                              0x8c00c (size before relaxing)
 .debug_str     0x0008c6d3       0xa6 ./Sources/LEDs.o
                              0x82ea7 (size before relaxing)
 .debug_str     0x0008c779       0xa2 ./Sources/PIT.o
                              0x82f01 (size before relaxing)
 .debug_str     0x0008c81b       0x8b ./Sources/RTC.o
                              0x82ede (size before relaxing)
 .debug_str     0x0008c8a6      0x110 ./Sources/UART.o
                              0x82fce (size before relaxing)
 .debug_str     0x0008c9b6      0xa4e ./Sources/accel.o
                              0x8b3a5 (size before relaxing)
 .debug_str     0x0008d404      0x229 ./Sources/main.o
                              0x8af70 (size before relaxing)
 .debug_str     0x0008d62d       0x2a ./Sources/median.o
                               0x2f30 (size before relaxing)
 .debug_str     0x0008d657       0x4b ./Sources/packet.o
                               0x3225 (size before relaxing)
 .debug_str     0x0008d6a2     0x109a ./Project_Settings/Startup_Code/startup.o
                              0x853e5 (size before relaxing)
 .debug_str     0x0008e73c      0x1e9 ./Generated_Code/Cpu.o
                              0x8aa16 (size before relaxing)
 .debug_str     0x0008e925       0x1c ./Generated_Code/Vectors.o
                              0x8a66c (size before relaxing)

.comment        0x00000000       0x70
 .comment       0x00000000       0x70 ./Sources/FIFO.o
                                 0x71 (size before relaxing)
 .comment       0x00000000       0x71 ./Sources/FTM.o
 .comment       0x00000000       0x71 ./Sources/Flash.o
 .comment       0x00000000       0x71 ./Sources/I2C.o
 .comment       0x00000000       0x71 ./Sources/LEDs.o
 .comment       0x00000000       0x71 ./Sources/PIT.o
 .comment       0x00000000       0x71 ./Sources/RTC.o
 .comment       0x00000000       0x71 ./Sources/UART.o
 .comment       0x00000000       0x71 ./Sources/accel.o
 .comment       0x00000000       0x71 ./Sources/main.o
 .comment       0x00000000       0x71 ./Sources/median.o
 .comment       0x00000000       0x71 ./Sources/packet.o
 .comment       0x00000000       0x71 ./Project_Settings/Startup_Code/startup.o
 .comment       0x00000000       0x71 ./Generated_Code/Cpu.o
 .comment       0x00000000       0x71 ./Generated_Code/Vectors.o

.debug_frame    0x00000000      0x9bc
 .debug_frame   0x00000000       0x64 ./Sources/FIFO.o
 .debug_frame   0x00000064       0x84 ./Sources/FTM.o
 .debug_frame   0x000000e8      0x148 ./Sources/Flash.o
 .debug_frame   0x00000230      0x118 ./Sources/I2C.o
 .debug_frame   0x00000348       0x7c ./Sources/LEDs.o
 .debug_frame   0x000003c4       0x8c ./Sources/PIT.o
 .debug_frame   0x00000450       0x88 ./Sources/RTC.o
 .debug_frame   0x000004d8       0x94 ./Sources/UART.o
 .debug_frame   0x0000056c       0xb0 ./Sources/accel.o
 .debug_frame   0x0000061c      0x108 ./Sources/main.o
 .debug_frame   0x00000724       0x2c ./Sources/median.o
 .debug_frame   0x00000750       0x70 ./Sources/packet.o
 .debug_frame   0x000007c0       0xc0 ./Project_Settings/Startup_Code/startup.o
 .debug_frame   0x00000880       0x80 ./Generated_Code/Cpu.o
 .debug_frame   0x00000900       0x28 c:/freescale/kds_3.0.0/toolchain/bin/../lib/gcc/arm-none-eabi/4.8.4/../../../../arm-none-eabi/lib/armv7e-m/fpu\libg_s.a(lib_a-exit.o)
 .debug_frame   0x00000928       0x2c c:/freescale/kds_3.0.0/toolchain/bin/../lib/gcc/arm-none-eabi/4.8.4/../../../../arm-none-eabi/lib/armv7e-m/fpu\libg_s.a(lib_a-init.o)
 .debug_frame   0x00000954       0x28 c:/freescale/kds_3.0.0/toolchain/bin/../lib/gcc/arm-none-eabi/4.8.4/../../../../arm-none-eabi/lib/armv7e-m/fpu\libg_s.a(lib_a-memcpy-stub.o)
 .debug_frame   0x0000097c       0x20 c:/freescale/kds_3.0.0/toolchain/bin/../lib/gcc/arm-none-eabi/4.8.4/../../../../arm-none-eabi/lib/armv7e-m/fpu\libg_s.a(lib_a-memset.o)
 .debug_frame   0x0000099c       0x20 c:/freescale/kds_3.0.0/toolchain/bin/../lib/gcc/arm-none-eabi/4.8.4/../../../../arm-none-eabi/lib/armv7e-m/fpu\libnosys.a(_exit.o)
